Component: ARM Compiler 5.06 update 6 (build 750) Tool: armlink [4d35ed]

==============================================================================

Section Cross References

    startup_stm32l431xx.o(RESET) refers to startup_stm32l431xx.o(STACK) for __initial_sp
    startup_stm32l431xx.o(RESET) refers to startup_stm32l431xx.o(.text) for Reset_Handler
    startup_stm32l431xx.o(RESET) refers to stm32l4xx_it.o(i.NMI_Handler) for NMI_Handler
    startup_stm32l431xx.o(RESET) refers to stm32l4xx_it.o(i.HardFault_Handler) for HardFault_Handler
    startup_stm32l431xx.o(RESET) refers to stm32l4xx_it.o(i.MemManage_Handler) for MemManage_Handler
    startup_stm32l431xx.o(RESET) refers to stm32l4xx_it.o(i.BusFault_Handler) for BusFault_Handler
    startup_stm32l431xx.o(RESET) refers to stm32l4xx_it.o(i.UsageFault_Handler) for UsageFault_Handler
    startup_stm32l431xx.o(RESET) refers to stm32l4xx_it.o(i.SVC_Handler) for SVC_Handler
    startup_stm32l431xx.o(RESET) refers to stm32l4xx_it.o(i.DebugMon_Handler) for DebugMon_Handler
    startup_stm32l431xx.o(RESET) refers to port_s.o(.text) for PendSV_Handler
    startup_stm32l431xx.o(RESET) refers to stm32l4xx_it.o(i.SysTick_Handler) for SysTick_Handler
    startup_stm32l431xx.o(RESET) refers to stm32l4xx_it.o(i.EXTI2_IRQHandler) for EXTI2_IRQHandler
    startup_stm32l431xx.o(.text) refers to system_stm32l4xx.o(i.SystemInit) for SystemInit
    startup_stm32l431xx.o(.text) refers to entry.o(.ARM.Collect$$$$00000000) for __main
    main.o(i.SystemClock_Config) refers to memseta.o(.text) for __aeabi_memclr4
    main.o(i.SystemClock_Config) refers to stm32l4xx_hal_rcc.o(i.HAL_RCC_OscConfig) for HAL_RCC_OscConfig
    main.o(i.SystemClock_Config) refers to stm32l4xx_hal_rcc.o(i.HAL_RCC_ClockConfig) for HAL_RCC_ClockConfig
    main.o(i.SystemClock_Config) refers to stm32l4xx_hal_rcc_ex.o(i.HAL_RCCEx_PeriphCLKConfig) for HAL_RCCEx_PeriphCLKConfig
    main.o(i.SystemClock_Config) refers to stm32l4xx_hal_pwr_ex.o(i.HAL_PWREx_ControlVoltageScaling) for HAL_PWREx_ControlVoltageScaling
    main.o(i.application_entry) refers to printf5.o(i.__0printf$5) for __2printf
    main.o(i.application_entry) refers to tos_task.o(i.tos_task_delay) for tos_task_delay
    main.o(i.main) refers to stm32l4xx_hal.o(i.HAL_Init) for HAL_Init
    main.o(i.main) refers to main.o(i.SystemClock_Config) for SystemClock_Config
    main.o(i.main) refers to gpio.o(i.MX_GPIO_Init) for MX_GPIO_Init
    main.o(i.main) refers to usart.o(i.MX_USART2_UART_Init) for MX_USART2_UART_Init
    main.o(i.main) refers to printf5.o(i.__0printf$5) for __2printf
    main.o(i.main) refers to tos_sys.o(i.tos_knl_init) for tos_knl_init
    main.o(i.main) refers to cmsis_os.o(i.osThreadCreate) for osThreadCreate
    main.o(i.main) refers to tos_sys.o(i.tos_knl_start) for tos_knl_start
    main.o(i.main) refers to main.o(.constdata) for .constdata
    main.o(.constdata) refers to main.o(.conststring) for .conststring
    main.o(.constdata) refers to tick_demo_4.o(i.application_entry) for application_entry
    main.o(.constdata) refers to main.o(.bss) for task_stack_application_entry
    main.o(.constdata) refers to main.o(.bss) for task_handler_application_entry
    gpio.o(i.MX_GPIO_Init) refers to memseta.o(.text) for __aeabi_memclr4
    gpio.o(i.MX_GPIO_Init) refers to stm32l4xx_hal_gpio.o(i.HAL_GPIO_Init) for HAL_GPIO_Init
    gpio.o(i.MX_GPIO_Init) refers to stm32l4xx_hal_cortex.o(i.HAL_NVIC_SetPriority) for HAL_NVIC_SetPriority
    gpio.o(i.MX_GPIO_Init) refers to stm32l4xx_hal_cortex.o(i.HAL_NVIC_EnableIRQ) for HAL_NVIC_EnableIRQ
    usart.o(i.HAL_UART_MspDeInit) refers to stm32l4xx_hal_gpio.o(i.HAL_GPIO_DeInit) for HAL_GPIO_DeInit
    usart.o(i.HAL_UART_MspInit) refers to memseta.o(.text) for __aeabi_memclr4
    usart.o(i.HAL_UART_MspInit) refers to stm32l4xx_hal_gpio.o(i.HAL_GPIO_Init) for HAL_GPIO_Init
    usart.o(i.MX_USART2_UART_Init) refers to stm32l4xx_hal_uart.o(i.HAL_UART_Init) for HAL_UART_Init
    usart.o(i.MX_USART2_UART_Init) refers to main.o(i.Error_Handler) for Error_Handler
    usart.o(i.MX_USART2_UART_Init) refers to usart.o(.bss) for .bss
    stm32l4xx_it.o(i.EXTI2_IRQHandler) refers to tos_sys.o(i.tos_knl_irq_enter) for tos_knl_irq_enter
    stm32l4xx_it.o(i.EXTI2_IRQHandler) refers to stm32l4xx_hal_gpio.o(i.HAL_GPIO_EXTI_IRQHandler) for HAL_GPIO_EXTI_IRQHandler
    stm32l4xx_it.o(i.EXTI2_IRQHandler) refers to tos_sys.o(i.tos_knl_irq_leave) for tos_knl_irq_leave
    stm32l4xx_it.o(i.SysTick_Handler) refers to stm32l4xx_hal.o(i.HAL_IncTick) for HAL_IncTick
    stm32l4xx_it.o(i.SysTick_Handler) refers to tos_sys.o(i.tos_knl_is_running) for tos_knl_is_running
    stm32l4xx_it.o(i.SysTick_Handler) refers to tos_sys.o(i.tos_knl_irq_enter) for tos_knl_irq_enter
    stm32l4xx_it.o(i.SysTick_Handler) refers to tos_tick.o(i.tos_tick_handler) for tos_tick_handler
    stm32l4xx_it.o(i.SysTick_Handler) refers to tos_sys.o(i.tos_knl_irq_leave) for tos_knl_irq_leave
[...]
    Removing cmsis_os.o(i.osThreadGetId), (12 bytes).
    Removing cmsis_os.o(i.osThreadGetPriority), (16 bytes).
    Removing cmsis_os.o(i.osThreadSetPriority), (26 bytes).
    Removing cmsis_os.o(i.osThreadTerminate), (14 bytes).
    Removing cmsis_os.o(i.osTimerCreate), (58 bytes).
    Removing cmsis_os.o(i.osTimerDelete), (14 bytes).
    Removing cmsis_os.o(i.osTimerStart), (60 bytes).
    Removing cmsis_os.o(i.osTimerStop), (14 bytes).
    Removing dadd.o(.text), (350 bytes).
    Removing dmul.o(.text), (234 bytes).
    Removing ddiv.o(.text), (222 bytes).
    Removing dfixul.o(.text), (48 bytes).
    Removing cdrcmple.o(.text), (48 bytes).
    Removing depilogue.o(.text), (186 bytes).

678 unused section(s) (total 38611 bytes) removed from the image.

==============================================================================

Image Symbol Table

    Local Symbols

    Symbol Name                              Value     Ov Type        Size  Object(Section)

    ../Drivers/STM32L4xx_HAL_Driver/Src/stm32l4xx_hal.c 0x00000000   Number         0  stm32l4xx_hal.o ABSOLUTE
    ../Drivers/STM32L4xx_HAL_Driver/Src/stm32l4xx_hal_cortex.c 0x00000000   Number         0  stm32l4xx_hal_cortex.o ABSOLUTE
    ../Drivers/STM32L4xx_HAL_Driver/Src/stm32l4xx_hal_dma.c 0x00000000   Number         0  stm32l4xx_hal_dma.o ABSOLUTE
    ../Drivers/STM32L4xx_HAL_Driver/Src/stm32l4xx_hal_dma_ex.c 0x00000000   Number         0  stm32l4xx_hal_dma_ex.o ABSOLUTE
    ../Drivers/STM32L4xx_HAL_Driver/Src/stm32l4xx_hal_exti.c 0x00000000   Number         0  stm32l4xx_hal_exti.o ABSOLUTE
    ../Drivers/STM32L4xx_HAL_Driver/Src/stm32l4xx_hal_flash.c 0x00000000   Number         0  stm32l4xx_hal_flash.o ABSOLUTE
    ../Drivers/STM32L4xx_HAL_Driver/Src/stm32l4xx_hal_flash_ex.c 0x00000000   Number         0  stm32l4xx_hal_flash_ex.o ABSOLUTE
    ../Drivers/STM32L4xx_HAL_Driver/Src/stm32l4xx_hal_flash_ramfunc.c 0x00000000   Number         0  stm32l4xx_hal_flash_ramfunc.o ABSOLUTE
    ../Drivers/STM32L4xx_HAL_Driver/Src/stm32l4xx_hal_gpio.c 0x00000000   Number         0  stm32l4xx_hal_gpio.o ABSOLUTE
    ../Drivers/STM32L4xx_HAL_Driver/Src/stm32l4xx_hal_i2c.c 0x00000000   Number         0  stm32l4xx_hal_i2c.o ABSOLUTE
    ../Drivers/STM32L4xx_HAL_Driver/Src/stm32l4xx_hal_i2c_ex.c 0x00000000   Number         0  stm32l4xx_hal_i2c_ex.o ABSOLUTE
    ../Drivers/STM32L4xx_HAL_Driver/Src/stm32l4xx_hal_pwr.c 0x00000000   Number         0  stm32l4xx_hal_pwr.o ABSOLUTE
    ../Drivers/STM32L4xx_HAL_Driver/Src/stm32l4xx_hal_pwr_ex.c 0x00000000   Number         0  stm32l4xx_hal_pwr_ex.o ABSOLUTE
    ../Drivers/STM32L4xx_HAL_Driver/Src/stm32l4xx_hal_rcc.c 0x00000000   Number         0  stm32l4xx_hal_rcc.o ABSOLUTE
    ../Drivers/STM32L4xx_HAL_Driver/Src/stm32l4xx_hal_rcc_ex.c 0x00000000   Number         0  stm32l4xx_hal_rcc_ex.o ABSOLUTE
    ../Drivers/STM32L4xx_HAL_Driver/Src/stm32l4xx_hal_tim.c 0x00000000   Number         0  stm32l4xx_hal_tim.o ABSOLUTE
    ../Drivers/STM32L4xx_HAL_Driver/Src/stm32l4xx_hal_tim_ex.c 0x00000000   Number         0  stm32l4xx_hal_tim_ex.o ABSOLUTE
    ../Drivers/STM32L4xx_HAL_Driver/Src/stm32l4xx_hal_uart.c 0x00000000   Number         0  stm32l4xx_hal_uart.o ABSOLUTE
    ../Drivers/STM32L4xx_HAL_Driver/Src/stm32l4xx_hal_uart_ex.c 0x00000000   Number         0  stm32l4xx_hal_uart_ex.o ABSOLUTE
    ../Src/gpio.c                            0x00000000   Number         0  gpio.o ABSOLUTE
    ../Src/main.c                            0x00000000   Number         0  main.o ABSOLUTE
    ../Src/stm32l4xx_hal_msp.c               0x00000000   Number         0  stm32l4xx_hal_msp.o ABSOLUTE
    ../Src/stm32l4xx_it.c                    0x00000000   Number         0  stm32l4xx_it.o ABSOLUTE
    ../Src/sys.c                             0x00000000   Number         0  sys.o ABSOLUTE
    ../Src/system_stm32l4xx.c                0x00000000   Number         0  system_stm32l4xx.o ABSOLUTE
    ../Src/usart.c                           0x00000000   Number         0  usart.o ABSOLUTE
    ../clib/microlib/division.c              0x00000000   Number         0  uldiv.o ABSOLUTE
    ../clib/microlib/division.c              0x00000000   Number         0  uidiv.o ABSOLUTE
    ../clib/microlib/init/entry.s            0x00000000   Number         0  entry2.o ABSOLUTE
    ../clib/microlib/init/entry.s            0x00000000   Number         0  entry5.o ABSOLUTE
    ../clib/microlib/init/entry.s            0x00000000   Number         0  entry11b.o ABSOLUTE
    ../clib/microlib/init/entry.s            0x00000000   Number         0  entry10b.o ABSOLUTE
    ../clib/microlib/init/entry.s            0x00000000   Number         0  entry10a.o ABSOLUTE
    ../clib/microlib/init/entry.s            0x00000000   Number         0  entry9a.o ABSOLUTE
    ../clib/microlib/init/entry.s            0x00000000   Number         0  entry11a.o ABSOLUTE
    ../clib/microlib/init/entry.s            0x00000000   Number         0  entry7a.o ABSOLUTE
    ../clib/microlib/init/entry.s            0x00000000   Number         0  entry.o ABSOLUTE
    ../clib/microlib/init/entry.s            0x00000000   Number         0  entry7b.o ABSOLUTE
    ../clib/microlib/init/entry.s            0x00000000   Number         0  entry9b.o ABSOLUTE
    ../clib/microlib/init/entry.s            0x00000000   Number         0  entry8a.o ABSOLUTE
    ../clib/microlib/init/entry.s            0x00000000   Number         0  entry8b.o ABSOLUTE
    ../clib/microlib/longlong.c              0x00000000   Number         0  llshl.o ABSOLUTE
    ../clib/microlib/longlong.c              0x00000000   Number         0  llsshr.o ABSOLUTE
    ../clib/microlib/longlong.c              0x00000000   Number         0  llushr.o ABSOLUTE
    ../clib/microlib/printf/printf.c         0x00000000   Number         0  printf8.o ABSOLUTE
    ../clib/microlib/printf/printf.c         0x00000000   Number         0  printf3.o ABSOLUTE
    ../clib/microlib/printf/printf.c         0x00000000   Number         0  printf4.o ABSOLUTE
    ../clib/microlib/printf/printf.c         0x00000000   Number         0  printf5.o ABSOLUTE
    ../clib/microlib/printf/printf.c         0x00000000   Number         0  printf1.o ABSOLUTE
    ../clib/microlib/printf/printf.c         0x00000000   Number         0  printf0.o ABSOLUTE
    ../clib/microlib/printf/printf.c         0x00000000   Number         0  printfa.o ABSOLUTE
    ../clib/microlib/printf/printf.c         0x00000000   Number         0  printf6.o ABSOLUTE
    ../clib/microlib/printf/printf.c         0x00000000   Number         0  printf2.o ABSOLUTE
    ../clib/microlib/printf/printf.c         0x00000000   Number         0  printf7.o ABSOLUTE
    ../clib/microlib/printf/printf.c         0x00000000   Number         0  printfb.o ABSOLUTE
    ../clib/microlib/printf/stubs.s          0x00000000   Number         0  stubs.o ABSOLUTE
    ../clib/microlib/stdio/streams.c         0x00000000   Number         0  stdout.o ABSOLUTE
    ../clib/microlib/string/memcpy.c         0x00000000   Number         0  memcpyb.o ABSOLUTE
    ../clib/microlib/string/memcpy.c         0x00000000   Number         0  memcpya.o ABSOLUTE
    ../clib/microlib/string/memset.c         0x00000000   Number         0  memseta.o ABSOLUTE
    ../clib/microlib/string/strncpy.c        0x00000000   Number         0  strncpy.o ABSOLUTE
    ../clib/microlib/stubs.s                 0x00000000   Number         0  iusefp.o ABSOLUTE
    ../fplib/microlib/fpadd.c                0x00000000   Number         0  dadd.o ABSOLUTE
    ../fplib/microlib/fpdiv.c                0x00000000   Number         0  ddiv.o ABSOLUTE
    ../fplib/microlib/fpepilogue.c           0x00000000   Number         0  depilogue.o ABSOLUTE
    ../fplib/microlib/fpfix.c                0x00000000   Number         0  dfixul.o ABSOLUTE
    ../fplib/microlib/fpmul.c                0x00000000   Number         0  dmul.o ABSOLUTE
    ..\Demo\tick\tick_demo_4.c               0x00000000   Number         0  tick_demo_4.o ABSOLUTE
    ..\Drivers\STM32L4xx_HAL_Driver\Src\stm32l4xx_hal.c 0x00000000   Number         0  stm32l4xx_hal.o ABSOLUTE
    ..\Drivers\STM32L4xx_HAL_Driver\Src\stm32l4xx_hal_cortex.c 0x00000000   Number         0  stm32l4xx_hal_cortex.o ABSOLUTE
    ..\Drivers\STM32L4xx_HAL_Driver\Src\stm32l4xx_hal_dma.c 0x00000000   Number         0  stm32l4xx_hal_dma.o ABSOLUTE
    ..\Drivers\STM32L4xx_HAL_Driver\Src\stm32l4xx_hal_dma_ex.c 0x00000000   Number         0  stm32l4xx_hal_dma_ex.o ABSOLUTE
    ..\Drivers\STM32L4xx_HAL_Driver\Src\stm32l4xx_hal_exti.c 0x00000000   Number         0  stm32l4xx_hal_exti.o ABSOLUTE
    ..\Drivers\STM32L4xx_HAL_Driver\Src\stm32l4xx_hal_flash.c 0x00000000   Number         0  stm32l4xx_hal_flash.o ABSOLUTE
    ..\Drivers\STM32L4xx_HAL_Driver\Src\stm32l4xx_hal_flash_ex.c 0x00000000   Number         0  stm32l4xx_hal_flash_ex.o ABSOLUTE
    ..\Drivers\STM32L4xx_HAL_Driver\Src\stm32l4xx_hal_flash_ramfunc.c 0x00000000   Number         0  stm32l4xx_hal_flash_ramfunc.o ABSOLUTE
    ..\Drivers\STM32L4xx_HAL_Driver\Src\stm32l4xx_hal_gpio.c 0x00000000   Number         0  stm32l4xx_hal_gpio.o ABSOLUTE
    ..\Drivers\STM32L4xx_HAL_Driver\Src\stm32l4xx_hal_i2c.c 0x00000000   Number         0  stm32l4xx_hal_i2c.o ABSOLUTE
    ..\Drivers\STM32L4xx_HAL_Driver\Src\stm32l4xx_hal_i2c_ex.c 0x00000000   Number         0  stm32l4xx_hal_i2c_ex.o ABSOLUTE
    ..\Drivers\STM32L4xx_HAL_Driver\Src\stm32l4xx_hal_pwr.c 0x00000000   Number         0  stm32l4xx_hal_pwr.o ABSOLUTE
    ..\Drivers\STM32L4xx_HAL_Driver\Src\stm32l4xx_hal_pwr_ex.c 0x00000000   Number         0  stm32l4xx_hal_pwr_ex.o ABSOLUTE
    ..\Drivers\STM32L4xx_HAL_Driver\Src\stm32l4xx_hal_rcc.c 0x00000000   Number         0  stm32l4xx_hal_rcc.o ABSOLUTE
    ..\Drivers\STM32L4xx_HAL_Driver\Src\stm32l4xx_hal_rcc_ex.c 0x00000000   Number         0  stm32l4xx_hal_rcc_ex.o ABSOLUTE
    ..\Drivers\STM32L4xx_HAL_Driver\Src\stm32l4xx_hal_tim.c 0x00000000   Number         0  stm32l4xx_hal_tim.o ABSOLUTE
    ..\Drivers\STM32L4xx_HAL_Driver\Src\stm32l4xx_hal_tim_ex.c 0x00000000   Number         0  stm32l4xx_hal_tim_ex.o ABSOLUTE
    ..\Drivers\STM32L4xx_HAL_Driver\Src\stm32l4xx_hal_uart.c 0x00000000   Number         0  stm32l4xx_hal_uart.o ABSOLUTE
    ..\Drivers\STM32L4xx_HAL_Driver\Src\stm32l4xx_hal_uart_ex.c 0x00000000   Number         0  stm32l4xx_hal_uart_ex.o ABSOLUTE
    ..\Src\gpio.c                            0x00000000   Number         0  gpio.o ABSOLUTE
    ..\Src\main.c                            0x00000000   Number         0  main.o ABSOLUTE
    ..\Src\stm32l4xx_hal_msp.c               0x00000000   Number         0  stm32l4xx_hal_msp.o ABSOLUTE
    ..\Src\stm32l4xx_it.c                    0x00000000   Number         0  stm32l4xx_it.o ABSOLUTE
    ..\Src\sys.c                             0x00000000   Number         0  sys.o ABSOLUTE
    ..\Src\system_stm32l4xx.c                0x00000000   Number         0  system_stm32l4xx.o ABSOLUTE
    ..\Src\usart.c                           0x00000000   Number         0  usart.o ABSOLUTE
    ..\\Demo\\tick\\tick_demo_4.c            0x00000000   Number         0  tick_demo_4.o ABSOLUTE
    ..\\tencentOS-tiny\\arch\\arm\\arm-v7m\\common\\tos_cpu.c 0x00000000   Number         0  tos_cpu.o ABSOLUTE
    ..\\tencentOS-tiny\\arch\\arm\\arm-v7m\\common\\tos_fault.c 0x00000000   Number         0  tos_fault.o ABSOLUTE
    ..\\tencentOS-tiny\\arch\\arm\\arm-v7m\\cortex-m4\\armcc\\port_c.c 0x00000000   Number         0  port_c.o ABSOLUTE
    ..\\tencentOS-tiny\\kernel\\core\\tos_binary_heap.c 0x00000000   Number         0  tos_binary_heap.o ABSOLUTE
    ..\\tencentOS-tiny\\kernel\\core\\tos_char_fifo.c 0x00000000   Number         0  tos_char_fifo.o ABSOLUTE
    ..\\tencentOS-tiny\\kernel\\core\\tos_completion.c 0x00000000   Number         0  tos_completion.o ABSOLUTE
    ..\\tencentOS-tiny\\kernel\\core\\tos_countdownlatch.c 0x00000000   Number         0  tos_countdownlatch.o ABSOLUTE
    ..\\tencentOS-tiny\\kernel\\core\\tos_event.c 0x00000000   Number         0  tos_event.o ABSOLUTE
    ..\\tencentOS-tiny\\kernel\\core\\tos_global.c 0x00000000   Number         0  tos_global.o ABSOLUTE
    ..\\tencentOS-tiny\\kernel\\core\\tos_mail_queue.c 0x00000000   Number         0  tos_mail_queue.o ABSOLUTE
    ..\\tencentOS-tiny\\kernel\\core\\tos_message_queue.c 0x00000000   Number         0  tos_message_queue.o ABSOLUTE
    ..\\tencentOS-tiny\\kernel\\core\\tos_mmblk.c 0x00000000   Number         0  tos_mmblk.o ABSOLUTE
    ..\\tencentOS-tiny\\kernel\\core\\tos_mmheap.c 0x00000000   Number         0  tos_mmheap.o ABSOLUTE
    ..\\tencentOS-tiny\\kernel\\core\\tos_mutex.c 0x00000000   Number         0  tos_mutex.o ABSOLUTE
    ..\\tencentOS-tiny\\kernel\\core\\tos_pend.c 0x00000000   Number         0  tos_pend.o ABSOLUTE
    ..\\tencentOS-tiny\\kernel\\core\\tos_priority_mail_queue.c 0x00000000   Number         0  tos_priority_mail_queue.o ABSOLUTE
    ..\\tencentOS-tiny\\kernel\\core\\tos_priority_message_queue.c 0x00000000   Number         0  tos_priority_message_queue.o ABSOLUTE
    ..\\tencentOS-tiny\\kernel\\core\\tos_priority_queue.c 0x00000000   Number         0  tos_priority_queue.o ABSOLUTE
    ..\\tencentOS-tiny\\kernel\\core\\tos_ring_queue.c 0x00000000   Number         0  tos_ring_queue.o ABSOLUTE
    ..\\tencentOS-tiny\\kernel\\core\\tos_robin.c 0x00000000   Number         0  tos_robin.o ABSOLUTE
    ..\\tencentOS-tiny\\kernel\\core\\tos_sched.c 0x00000000   Number         0  tos_sched.o ABSOLUTE
    ..\\tencentOS-tiny\\kernel\\core\\tos_sem.c 0x00000000   Number         0  tos_sem.o ABSOLUTE
    ..\\tencentOS-tiny\\kernel\\core\\tos_stopwatch.c 0x00000000   Number         0  tos_stopwatch.o ABSOLUTE
    ..\\tencentOS-tiny\\kernel\\core\\tos_sys.c 0x00000000   Number         0  tos_sys.o ABSOLUTE
    ..\\tencentOS-tiny\\kernel\\core\\tos_task.c 0x00000000   Number         0  tos_task.o ABSOLUTE
    ..\\tencentOS-tiny\\kernel\\core\\tos_tick.c 0x00000000   Number         0  tos_tick.o ABSOLUTE
    ..\\tencentOS-tiny\\kernel\\core\\tos_time.c 0x00000000   Number         0  tos_time.o ABSOLUTE
    ..\\tencentOS-tiny\\kernel\\core\\tos_timer.c 0x00000000   Number         0  tos_timer.o ABSOLUTE
    ..\\tencentOS-tiny\\osal\\cmsis_os\\cmsis_os.c 0x00000000   Number         0  cmsis_os.o ABSOLUTE
    ..\tencentOS-tiny\arch\arm\arm-v7m\common\tos_cpu.c 0x00000000   Number         0  tos_cpu.o ABSOLUTE
    ..\tencentOS-tiny\arch\arm\arm-v7m\common\tos_fault.c 0x00000000   Number         0  tos_fault.o ABSOLUTE
    ..\tencentOS-tiny\arch\arm\arm-v7m\cortex-m4\armcc\port_c.c 0x00000000   Number         0  port_c.o ABSOLUTE
    ..\tencentOS-tiny\arch\arm\arm-v7m\cortex-m4\armcc\port_s.S 0x00000000   Number         0  port_s.o ABSOLUTE
    ..\tencentOS-tiny\kernel\core\tos_binary_heap.c 0x00000000   Number         0  tos_binary_heap.o ABSOLUTE
    ..\tencentOS-tiny\kernel\core\tos_char_fifo.c 0x00000000   Number         0  tos_char_fifo.o ABSOLUTE
    ..\tencentOS-tiny\kernel\core\tos_completion.c 0x00000000   Number         0  tos_completion.o ABSOLUTE
    ..\tencentOS-tiny\kernel\core\tos_countdownlatch.c 0x00000000   Number         0  tos_countdownlatch.o ABSOLUTE
    ..\tencentOS-tiny\kernel\core\tos_event.c 0x00000000   Number         0  tos_event.o ABSOLUTE
    ..\tencentOS-tiny\kernel\core\tos_global.c 0x00000000   Number         0  tos_global.o ABSOLUTE
    ..\tencentOS-tiny\kernel\core\tos_mail_queue.c 0x00000000   Number         0  tos_mail_queue.o ABSOLUTE
    ..\tencentOS-tiny\kernel\core\tos_message_queue.c 0x00000000   Number         0  tos_message_queue.o ABSOLUTE
    ..\tencentOS-tiny\kernel\core\tos_mmblk.c 0x00000000   Number         0  tos_mmblk.o ABSOLUTE
    ..\tencentOS-tiny\kernel\core\tos_mmheap.c 0x00000000   Number         0  tos_mmheap.o ABSOLUTE
    ..\tencentOS-tiny\kernel\core\tos_mutex.c 0x00000000   Number         0  tos_mutex.o ABSOLUTE
    ..\tencentOS-tiny\kernel\core\tos_pend.c 0x00000000   Number         0  tos_pend.o ABSOLUTE
    ..\tencentOS-tiny\kernel\core\tos_priority_mail_queue.c 0x00000000   Number         0  tos_priority_mail_queue.o ABSOLUTE
    ..\tencentOS-tiny\kernel\core\tos_priority_message_queue.c 0x00000000   Number         0  tos_priority_message_queue.o ABSOLUTE
    ..\tencentOS-tiny\kernel\core\tos_priority_queue.c 0x00000000   Number         0  tos_priority_queue.o ABSOLUTE
    ..\tencentOS-tiny\kernel\core\tos_ring_queue.c 0x00000000   Number         0  tos_ring_queue.o ABSOLUTE
    ..\tencentOS-tiny\kernel\core\tos_robin.c 0x00000000   Number         0  tos_robin.o ABSOLUTE
    ..\tencentOS-tiny\kernel\core\tos_sched.c 0x00000000   Number         0  tos_sched.o ABSOLUTE
    ..\tencentOS-tiny\kernel\core\tos_sem.c  0x00000000   Number         0  tos_sem.o ABSOLUTE
    ..\tencentOS-tiny\kernel\core\tos_stopwatch.c 0x00000000   Number         0  tos_stopwatch.o ABSOLUTE
    ..\tencentOS-tiny\kernel\core\tos_sys.c  0x00000000   Number         0  tos_sys.o ABSOLUTE
    ..\tencentOS-tiny\kernel\core\tos_task.c 0x00000000   Number         0  tos_task.o ABSOLUTE
    ..\tencentOS-tiny\kernel\core\tos_tick.c 0x00000000   Number         0  tos_tick.o ABSOLUTE
    ..\tencentOS-tiny\kernel\core\tos_time.c 0x00000000   Number         0  tos_time.o ABSOLUTE
    ..\tencentOS-tiny\kernel\core\tos_timer.c 0x00000000   Number         0  tos_timer.o ABSOLUTE
    ..\tencentOS-tiny\osal\cmsis_os\cmsis_os.c 0x00000000   Number         0  cmsis_os.o ABSOLUTE
    cdrcmple.s                               0x00000000   Number         0  cdrcmple.o ABSOLUTE
    dc.s                                     0x00000000   Number         0  dc.o ABSOLUTE
    handlers.s                               0x00000000   Number         0  handlers.o ABSOLUTE
    init.s                                   0x00000000   Number         0  init.o ABSOLUTE
    startup_stm32l431xx.s                    0x00000000   Number         0  startup_stm32l431xx.o ABSOLUTE
    RESET                                    0x08000000   Section      396  startup_stm32l431xx.o(RESET)
    .ARM.Collect$$$$00000000                 0x0800018c   Section        0  entry.o(.ARM.Collect$$$$00000000)
    .ARM.Collect$$$$00000001                 0x0800018c   Section        4  entry2.o(.ARM.Collect$$$$00000001)
    .ARM.Collect$$$$00000004                 0x08000190   Section        4  entry5.o(.ARM.Collect$$$$00000004)
    .ARM.Collect$$$$00000008                 0x08000194   Section        0  entry7b.o(.ARM.Collect$$$$00000008)
    .ARM.Collect$$$$0000000A                 0x08000194   Section        0  entry8b.o(.ARM.Collect$$$$0000000A)
    .ARM.Collect$$$$0000000B                 0x08000194   Section        8  entry9a.o(.ARM.Collect$$$$0000000B)
    .ARM.Collect$$$$0000000D                 0x0800019c   Section        0  entry10a.o(.ARM.Collect$$$$0000000D)
    .ARM.Collect$$$$0000000F                 0x0800019c   Section        0  entry11a.o(.ARM.Collect$$$$0000000F)
    .ARM.Collect$$$$00002712                 0x0800019c   Section        4  entry2.o(.ARM.Collect$$$$00002712)
    __lit__00000000                          0x0800019c   Data           4  entry2.o(.ARM.Collect$$$$00002712)
    .text                                    0x080001a0   Section       36  startup_stm32l431xx.o(.text)
    $v0                                      0x080001a0   Number         0  startup_stm32l431xx.o(.text)
    .text                                    0x080001c4   Section      224  port_s.o(.text)
    $v0                                      0x080001c4   Number         0  port_s.o(.text)
    .text                                    0x080002b0   Section        0  uldiv.o(.text)
    .text                                    0x08000318   Section        0  memseta.o(.text)
    .text                                    0x0800033c   Section        0  strncpy.o(.text)
    .text                                    0x08000354   Section        0  llshl.o(.text)
    .text                                    0x08000372   Section        0  llushr.o(.text)
    .text                                    0x08000394   Section       36  init.o(.text)
    i.BusFault_Handler                       0x080003b8   Section        0  stm32l4xx_it.o(i.BusFault_Handler)
    i.DebugMon_Handler                       0x080003ba   Section        0  stm32l4xx_it.o(i.DebugMon_Handler)
    i.EXTI2_IRQHandler                       0x080003bc   Section        0  stm32l4xx_it.o(i.EXTI2_IRQHandler)
    i.Error_Handler                          0x080003d0   Section        0  main.o(i.Error_Handler)
    i.HAL_Delay                              0x080003d4   Section        0  stm32l4xx_hal.o(i.HAL_Delay)
    i.HAL_GPIO_EXTI_Callback                 0x080003f8   Section        0  stm32l4xx_hal_gpio.o(i.HAL_GPIO_EXTI_Callback)
    i.HAL_GPIO_EXTI_IRQHandler               0x080003fc   Section        0  stm32l4xx_hal_gpio.o(i.HAL_GPIO_EXTI_IRQHandler)
    i.HAL_GPIO_Init                          0x08000414   Section        0  stm32l4xx_hal_gpio.o(i.HAL_GPIO_Init)
    i.HAL_GetTick                            0x080005a4   Section        0  stm32l4xx_hal.o(i.HAL_GetTick)
    i.HAL_IncTick                            0x080005b0   Section        0  stm32l4xx_hal.o(i.HAL_IncTick)
    i.HAL_Init                               0x080005c0   Section        0  stm32l4xx_hal.o(i.HAL_Init)
    i.HAL_InitTick                           0x080005e0   Section        0  stm32l4xx_hal.o(i.HAL_InitTick)
    i.HAL_MspInit                            0x08000624   Section        0  stm32l4xx_hal_msp.o(i.HAL_MspInit)
    i.HAL_NVIC_EnableIRQ                     0x08000650   Section        0  stm32l4xx_hal_cortex.o(i.HAL_NVIC_EnableIRQ)
    i.HAL_NVIC_SetPriority                   0x0800066c   Section        0  stm32l4xx_hal_cortex.o(i.HAL_NVIC_SetPriority)
    i.HAL_NVIC_SetPriorityGrouping           0x080006ac   Section        0  stm32l4xx_hal_cortex.o(i.HAL_NVIC_SetPriorityGrouping)
    i.HAL_PWREx_ControlVoltageScaling        0x080006d0   Section        0  stm32l4xx_hal_pwr_ex.o(i.HAL_PWREx_ControlVoltageScaling)
    i.HAL_PWREx_GetVoltageRange              0x08000738   Section        0  stm32l4xx_hal_pwr_ex.o(i.HAL_PWREx_GetVoltageRange)
    i.HAL_RCCEx_PeriphCLKConfig              0x08000748   Section        0  stm32l4xx_hal_rcc_ex.o(i.HAL_RCCEx_PeriphCLKConfig)
    i.HAL_RCC_ClockConfig                    0x08000a04   Section        0  stm32l4xx_hal_rcc.o(i.HAL_RCC_ClockConfig)
    i.HAL_RCC_GetPCLK1Freq                   0x08000b24   Section        0  stm32l4xx_hal_rcc.o(i.HAL_RCC_GetPCLK1Freq)
    i.HAL_RCC_GetPCLK2Freq                   0x08000b48   Section        0  stm32l4xx_hal_rcc.o(i.HAL_RCC_GetPCLK2Freq)
    i.HAL_RCC_GetSysClockFreq                0x08000b6c   Section        0  stm32l4xx_hal_rcc.o(i.HAL_RCC_GetSysClockFreq)
    i.HAL_RCC_OscConfig                      0x08000c10   Section        0  stm32l4xx_hal_rcc.o(i.HAL_RCC_OscConfig)
    i.HAL_SYSTICK_Config                     0x08001134   Section        0  stm32l4xx_hal_cortex.o(i.HAL_SYSTICK_Config)
    i.HAL_UART_Init                          0x0800115c   Section        0  stm32l4xx_hal_uart.o(i.HAL_UART_Init)
    i.HAL_UART_MspInit                       0x080011c4   Section        0  usart.o(i.HAL_UART_MspInit)
    i.HardFault_Handler                      0x08001228   Section        0  stm32l4xx_it.o(i.HardFault_Handler)
    i.MX_GPIO_Init                           0x0800122c   Section        0  gpio.o(i.MX_GPIO_Init)
    i.MX_USART2_UART_Init                    0x080012a0   Section        0  usart.o(i.MX_USART2_UART_Init)
    i.MemManage_Handler                      0x080012dc   Section        0  stm32l4xx_it.o(i.MemManage_Handler)
    i.NMI_Handler                            0x080012de   Section        0  stm32l4xx_it.o(i.NMI_Handler)
    i.RCCEx_PLLSAI1_Config                   0x080012e0   Section        0  stm32l4xx_hal_rcc_ex.o(i.RCCEx_PLLSAI1_Config)
    RCCEx_PLLSAI1_Config                     0x080012e1   Thumb Code   278  stm32l4xx_hal_rcc_ex.o(i.RCCEx_PLLSAI1_Config)
    i.RCC_SetFlashLatencyFromMSIRange        0x0800140c   Section        0  stm32l4xx_hal_rcc.o(i.RCC_SetFlashLatencyFromMSIRange)
    RCC_SetFlashLatencyFromMSIRange          0x0800140d   Thumb Code   116  stm32l4xx_hal_rcc.o(i.RCC_SetFlashLatencyFromMSIRange)
    i.SVC_Handler                            0x08001488   Section        0  stm32l4xx_it.o(i.SVC_Handler)
    i.SysTick_Handler                        0x0800148a   Section        0  stm32l4xx_it.o(i.SysTick_Handler)
    i.SystemClock_Config                     0x080014aa   Section        0  main.o(i.SystemClock_Config)
    i.SystemInit                             0x0800151c   Section        0  system_stm32l4xx.o(i.SystemInit)
    i.UART_AdvFeatureConfig                  0x08001560   Section        0  stm32l4xx_hal_uart.o(i.UART_AdvFeatureConfig)
    i.UART_CheckIdleState                    0x08001628   Section        0  stm32l4xx_hal_uart.o(i.UART_CheckIdleState)
    i.UART_SetConfig                         0x08001680   Section        0  stm32l4xx_hal_uart.o(i.UART_SetConfig)
    i.UART_WaitOnFlagUntilTimeout            0x080018d4   Section        0  stm32l4xx_hal_uart.o(i.UART_WaitOnFlagUntilTimeout)
    i.UsageFault_Handler                     0x08001934   Section        0  stm32l4xx_it.o(i.UsageFault_Handler)
    i.__0printf$5                            0x08001938   Section        0  printf5.o(i.__0printf$5)
    i.__NVIC_SetPriority                     0x08001958   Section        0  stm32l4xx_hal_cortex.o(i.__NVIC_SetPriority)
    __NVIC_SetPriority                       0x08001959   Thumb Code    32  stm32l4xx_hal_cortex.o(i.__NVIC_SetPriority)
    i.__NVIC_SetPriority                     0x08001978   Section        0  port_c.o(i.__NVIC_SetPriority)
    __NVIC_SetPriority                       0x08001979   Thumb Code    32  port_c.o(i.__NVIC_SetPriority)
    i.__fls                                  0x08001998   Section        0  tos_mmheap.o(i.__fls)
    __fls                                    0x08001999   Thumb Code    12  tos_mmheap.o(i.__fls)
    i.__scatterload_copy                     0x080019a4   Section       14  handlers.o(i.__scatterload_copy)
    i.__scatterload_null                     0x080019b2   Section        2  handlers.o(i.__scatterload_null)
    i.__scatterload_zeroinit                 0x080019b4   Section       14  handlers.o(i.__scatterload_zeroinit)
    i._printf_core                           0x080019c4   Section        0  printf5.o(i._printf_core)
    _printf_core                             0x080019c5   Thumb Code   658  printf5.o(i._printf_core)
    i.application_entry                      0x08001c8c   Section        0  tick_demo_4.o(i.application_entry)
    i.blk_insert                             0x08001d2c   Section        0  tos_mmheap.o(i.blk_insert)
    blk_insert                               0x08001d2d   Thumb Code    74  tos_mmheap.o(i.blk_insert)
    i.blk_link_next                          0x08001d7c   Section        0  tos_mmheap.o(i.blk_link_next)
    blk_link_next                            0x08001d7d   Thumb Code    12  tos_mmheap.o(i.blk_link_next)
    i.blk_next                               0x08001d88   Section        0  tos_mmheap.o(i.blk_next)
    blk_next                                 0x08001d89   Thumb Code    16  tos_mmheap.o(i.blk_next)
    i.cpu_context_switch                     0x08001d98   Section        0  tos_cpu.o(i.cpu_context_switch)
    i.cpu_init                               0x08001d9c   Section        0  tos_cpu.o(i.cpu_init)
    i.cpu_irq_context_switch                 0x08001dc8   Section        0  tos_cpu.o(i.cpu_irq_context_switch)
    i.cpu_sched_start                        0x08001dcc   Section        0  tos_cpu.o(i.cpu_sched_start)
    i.cpu_systick_init                       0x08001dd0   Section        0  tos_cpu.o(i.cpu_systick_init)
    i.cpu_task_stk_init                      0x08001de4   Section        0  tos_cpu.o(i.cpu_task_stk_init)
    i.fputc                                  0x08001e74   Section        0  usart.o(i.fputc)
    i.knl_idle_entry                         0x08001e8c   Section        0  tos_sys.o(i.knl_idle_entry)
    knl_idle_entry                           0x08001e8d   Thumb Code     2  tos_sys.o(i.knl_idle_entry)
    i.knl_idle_init                          0x08001e90   Section        0  tos_sys.o(i.knl_idle_init)
    i.knl_is_idle                            0x08001ec8   Section        0  tos_sys.o(i.knl_is_idle)
    i.knl_is_inirq                           0x08001edc   Section        0  tos_sys.o(i.knl_is_inirq)
    i.knl_is_sched_locked                    0x08001eec   Section        0  tos_sys.o(i.knl_is_sched_locked)
    i.knl_is_self                            0x08001efc   Section        0  tos_sys.o(i.knl_is_self)
    i.knl_sched                              0x08001f10   Section        0  tos_sys.o(i.knl_sched)
    i.main                                   0x08001f64   Section        0  main.o(i.main)
    i.mapping_insert                         0x08001fc8   Section        0  tos_mmheap.o(i.mapping_insert)
    mapping_insert                           0x08001fc9   Thumb Code    44  tos_mmheap.o(i.mapping_insert)
    i.mmheap_ctl_init                        0x08001ff4   Section        0  tos_mmheap.o(i.mmheap_ctl_init)
    mmheap_ctl_init                          0x08001ff5   Thumb Code    70  tos_mmheap.o(i.mmheap_ctl_init)
    i.mmheap_init_with_pool                  0x08002040   Section        0  tos_mmheap.o(i.mmheap_init_with_pool)
    i.mmheap_pool_is_exist                   0x08002058   Section        0  tos_mmheap.o(i.mmheap_pool_is_exist)
    mmheap_pool_is_exist                     0x08002059   Thumb Code    36  tos_mmheap.o(i.mmheap_pool_is_exist)
    i.mutex_old_owner_release                0x08002080   Section        0  tos_mutex.o(i.mutex_old_owner_release)
    mutex_old_owner_release                  0x08002081   Thumb Code    62  tos_mutex.o(i.mutex_old_owner_release)
    i.mutex_release                          0x080020be   Section        0  tos_mutex.o(i.mutex_release)
    i.osThreadCreate                         0x080020d2   Section        0  cmsis_os.o(i.osThreadCreate)
    i.pend_highest_pending_prio_get          0x08002104   Section        0  tos_pend.o(i.pend_highest_pending_prio_get)
    i.pend_list_add                          0x08002118   Section        0  tos_pend.o(i.pend_list_add)
    pend_list_add                            0x08002119   Thumb Code    62  tos_pend.o(i.pend_list_add)
    i.pend_list_adjust                       0x08002156   Section        0  tos_pend.o(i.pend_list_adjust)
    i.pend_list_remove                       0x08002164   Section        0  tos_pend.o(i.pend_list_remove)
    i.pend_task_wakeup                       0x0800217c   Section        0  tos_pend.o(i.pend_task_wakeup)
    i.pend_wakeup_all                        0x080021b4   Section        0  tos_pend.o(i.pend_wakeup_all)
    i.port_systick_config                    0x080021d8   Section        0  port_c.o(i.port_systick_config)
    i.port_systick_priority_set              0x080021fa   Section        0  port_c.o(i.port_systick_priority_set)
    i.priority_cmsis2knl                     0x08002204   Section        0  cmsis_os.o(i.priority_cmsis2knl)
    priority_cmsis2knl                       0x08002205   Thumb Code    16  cmsis_os.o(i.priority_cmsis2knl)
    i.readyqueue_add                         0x08002214   Section        0  tos_sched.o(i.readyqueue_add)
    i.readyqueue_add_head                    0x08002230   Section        0  tos_sched.o(i.readyqueue_add_head)
    i.readyqueue_add_tail                    0x0800225c   Section        0  tos_sched.o(i.readyqueue_add_tail)
    i.readyqueue_first_task_get              0x08002288   Section        0  tos_sched.o(i.readyqueue_first_task_get)
    i.readyqueue_highest_ready_task_get      0x080022a0   Section        0  tos_sched.o(i.readyqueue_highest_ready_task_get)
    i.readyqueue_init                        0x080022b4   Section        0  tos_sched.o(i.readyqueue_init)
    i.readyqueue_is_prio_onlyone             0x080022e8   Section        0  tos_sched.o(i.readyqueue_is_prio_onlyone)
    i.readyqueue_move_head_to_tail           0x08002304   Section        0  tos_sched.o(i.readyqueue_move_head_to_tail)
    i.readyqueue_prio_mark                   0x08002328   Section        0  tos_sched.o(i.readyqueue_prio_mark)
    readyqueue_prio_mark                     0x08002329   Thumb Code    42  tos_sched.o(i.readyqueue_prio_mark)
    i.readyqueue_remove                      0x08002358   Section        0  tos_sched.o(i.readyqueue_remove)
    i.robin_sched                            0x080023b8   Section        0  tos_robin.o(i.robin_sched)
    i.task1_entry                            0x08002428   Section        0  tick_demo_4.o(i.task1_entry)
    i.task2_entry                            0x0800246c   Section        0  tick_demo_4.o(i.task2_entry)
    i.task_do_destroy                        0x080024b0   Section        0  tos_task.o(i.task_do_destroy)
    task_do_destroy                          0x080024b1   Thumb Code   130  tos_task.o(i.task_do_destroy)
    i.task_exit                              0x08002532   Section        0  tos_task.o(i.task_exit)
    task_exit                                0x08002533   Thumb Code     6  tos_task.o(i.task_exit)
    i.task_reset                             0x08002538   Section        0  tos_task.o(i.task_reset)
    task_reset                               0x08002539   Thumb Code    44  tos_task.o(i.task_reset)
    i.tick_list_remove                       0x08002564   Section        0  tos_tick.o(i.tick_list_remove)
    i.tick_update                            0x080025d8   Section        0  tos_tick.o(i.tick_update)
    i.timer_init                             0x08002654   Section        0  tos_timer.o(i.timer_init)
    i.timer_place                            0x08002658   Section        0  tos_timer.o(i.timer_place)
    timer_place                              0x08002659   Thumb Code   100  tos_timer.o(i.timer_place)
    i.timer_takeoff                          0x080026c4   Section        0  tos_timer.o(i.timer_takeoff)
    timer_takeoff                            0x080026c5   Thumb Code    68  tos_timer.o(i.timer_takeoff)
    i.timer_update                           0x0800270c   Section        0  tos_timer.o(i.timer_update)
    i.tos_cpu_clz                            0x0800278c   Section        0  tos_cpu.o(i.tos_cpu_clz)
    i.tos_cpu_cpsr_restore                   0x08002790   Section        0  tos_cpu.o(i.tos_cpu_cpsr_restore)
    i.tos_cpu_cpsr_save                      0x08002794   Section        0  tos_cpu.o(i.tos_cpu_cpsr_save)
    i.tos_knl_init                           0x08002798   Section        0  tos_sys.o(i.tos_knl_init)
    i.tos_knl_irq_enter                      0x080027c8   Section        0  tos_sys.o(i.tos_knl_irq_enter)
    i.tos_knl_irq_leave                      0x080027e8   Section        0  tos_sys.o(i.tos_knl_irq_leave)
    i.tos_knl_is_running                     0x08002844   Section        0  tos_sys.o(i.tos_knl_is_running)
    i.tos_knl_sched_lock                     0x08002854   Section        0  tos_sys.o(i.tos_knl_sched_lock)
    i.tos_knl_sched_unlock                   0x0800289c   Section        0  tos_sys.o(i.tos_knl_sched_unlock)
    i.tos_knl_start                          0x080028e8   Section        0  tos_sys.o(i.tos_knl_start)
    i.tos_list_empty                         0x0800291c   Section        0  tos_tick.o(i.tos_list_empty)
    tos_list_empty                           0x0800291d   Thumb Code    14  tos_tick.o(i.tos_list_empty)
    i.tos_mmheap_pool_add                    0x0800292c   Section        0  tos_mmheap.o(i.tos_mmheap_pool_add)
    i.tos_task_create                        0x080029b0   Section        0  tos_task.o(i.tos_task_create)
    i.tos_task_destroy                       0x08002aac   Section        0  tos_task.o(i.tos_task_destroy)
    i.tos_task_prio_change                   0x08002af8   Section        0  tos_task.o(i.tos_task_prio_change)
    i.tos_tick_handler                       0x08002bbc   Section        0  tos_tick.o(i.tos_tick_handler)
    .constdata                               0x08002be8   Section       32  main.o(.constdata)
    .constdata                               0x08002c08   Section       64  system_stm32l4xx.o(.constdata)
    .constdata                               0x08002c48   Section        8  system_stm32l4xx.o(.constdata)
    .constdata                               0x08002c50   Section        4  tos_global.o(.constdata)
    .constdata                               0x08002c54   Section        4  tos_global.o(.constdata)
    .conststring                             0x08002c58   Section       18  main.o(.conststring)
    .data                                    0x20000000   Section       12  stm32l4xx_hal.o(.data)
    .data                                    0x2000000c   Section        4  system_stm32l4xx.o(.data)
    .data                                    0x20000010   Section        1  tos_global.o(.data)
    .data                                    0x20000011   Section        1  tos_global.o(.data)
    .data                                    0x20000012   Section        1  tos_global.o(.data)
    .data                                    0x20000018   Section        8  tos_global.o(.data)
    .data                                    0x20000020   Section        4  tos_global.o(.data)
    .data                                    0x20000024   Section        4  tos_global.o(.data)
    .data                                    0x20000028   Section        8  tos_global.o(.data)
    .data                                    0x20000030   Section        4  tos_global.o(.data)
    .data                                    0x20000034   Section        8  tos_global.o(.data)
    .data                                    0x2000003c   Section        8  tos_global.o(.data)
    .data                                    0x20000044   Section        4  tos_global.o(.data)
    .data                                    0x20000048   Section       16  tos_global.o(.data)
    .data                                    0x20000058   Section        4  stdout.o(.data)
    .bss                                     0x20000060   Section      120  main.o(.bss)
    .bss                                     0x200000d8   Section     4096  main.o(.bss)
    .bss                                     0x200010d8   Section      128  usart.o(.bss)
    .bss                                     0x20001158   Section      752  tick_demo_4.o(.bss)
    .bss                                     0x20001448   Section       88  tos_global.o(.bss)
    .bss                                     0x200014a0   Section      120  tos_global.o(.bss)
    .bss                                     0x20001518   Section      512  tos_global.o(.bss)
    .bss                                     0x20001718   Section    32768  tos_global.o(.bss)
    .bss                                     0x20009718   Section     3204  tos_global.o(.bss)
    STACK                                    0x2000a3a0   Section     1024  startup_stm32l431xx.o(STACK)

    Global Symbols

    Symbol Name                              Value     Ov Type        Size  Object(Section)

    BuildAttributes$$THM_ISAv4$E$P$D$K$B$S$7EM$VFPi3$EXTD16$VFPS$VFMA$PE$A:L22UL41UL21$X:L11$S22US41US21$IEEE1$IW$USESV6$~STKCKD$USESV7$~SHL$OSPACE$ROPI$EBA8$MICROLIB$REQ8$PRES8$EABIv2 0x00000000   Number         0  anon$$obj.o ABSOLUTE
    __ARM_use_no_argv                        0x00000000   Number         0  main.o ABSOLUTE
    _printf_a                                0x00000000   Number         0  stubs.o ABSOLUTE
    _printf_c                                0x00000000   Number         0  stubs.o ABSOLUTE
    _printf_charcount                        0x00000000   Number         0  stubs.o ABSOLUTE
    _printf_d                                0x00000000   Number         0  stubs.o ABSOLUTE
    _printf_e                                0x00000000   Number         0  stubs.o ABSOLUTE
    _printf_f                                0x00000000   Number         0  stubs.o ABSOLUTE
    _printf_flags                            0x00000000   Number         0  stubs.o ABSOLUTE
    _printf_fp_dec                           0x00000000   Number         0  stubs.o ABSOLUTE
    _printf_fp_hex                           0x00000000   Number         0  stubs.o ABSOLUTE
    _printf_g                                0x00000000   Number         0  stubs.o ABSOLUTE
    _printf_i                                0x00000000   Number         0  stubs.o ABSOLUTE
    _printf_int_dec                          0x00000000   Number         0  stubs.o ABSOLUTE
    _printf_l                                0x00000000   Number         0  stubs.o ABSOLUTE
    _printf_lc                               0x00000000   Number         0  stubs.o ABSOLUTE
    _printf_ll                               0x00000000   Number         0  stubs.o ABSOLUTE
    _printf_lld                              0x00000000   Number         0  stubs.o ABSOLUTE
    _printf_lli                              0x00000000   Number         0  stubs.o ABSOLUTE
    _printf_llo                              0x00000000   Number         0  stubs.o ABSOLUTE
    _printf_llu                              0x00000000   Number         0  stubs.o ABSOLUTE
    _printf_llx                              0x00000000   Number         0  stubs.o ABSOLUTE
    _printf_longlong_dec                     0x00000000   Number         0  stubs.o ABSOLUTE
    _printf_longlong_hex                     0x00000000   Number         0  stubs.o ABSOLUTE
    _printf_longlong_oct                     0x00000000   Number         0  stubs.o ABSOLUTE
    _printf_ls                               0x00000000   Number         0  stubs.o ABSOLUTE
    _printf_mbtowc                           0x00000000   Number         0  stubs.o ABSOLUTE
    _printf_n                                0x00000000   Number         0  stubs.o ABSOLUTE
    _printf_o                                0x00000000   Number         0  stubs.o ABSOLUTE
    _printf_p                                0x00000000   Number         0  stubs.o ABSOLUTE
    _printf_percent                          0x00000000   Number         0  stubs.o ABSOLUTE
    _printf_pre_padding                      0x00000000   Number         0  stubs.o ABSOLUTE
    _printf_return_value                     0x00000000   Number         0  stubs.o ABSOLUTE
    _printf_s                                0x00000000   Number         0  stubs.o ABSOLUTE
    _printf_sizespec                         0x00000000   Number         0  stubs.o ABSOLUTE
    _printf_str                              0x00000000   Number         0  stubs.o ABSOLUTE
    _printf_truncate_signed                  0x00000000   Number         0  stubs.o ABSOLUTE
    _printf_truncate_unsigned                0x00000000   Number         0  stubs.o ABSOLUTE
    _printf_u                                0x00000000   Number         0  stubs.o ABSOLUTE
    _printf_wc                               0x00000000   Number         0  stubs.o ABSOLUTE
    _printf_wctomb                           0x00000000   Number         0  stubs.o ABSOLUTE
    _printf_widthprec                        0x00000000   Number         0  stubs.o ABSOLUTE
    _printf_x                                0x00000000   Number         0  stubs.o ABSOLUTE
    __cpp_initialize__aeabi_                  - Undefined Weak Reference
    __cxa_finalize                            - Undefined Weak Reference
    __decompress                              - Undefined Weak Reference
    _clock_init                               - Undefined Weak Reference
    _microlib_exit                            - Undefined Weak Reference
    __Vectors_Size                           0x0000018c   Number         0  startup_stm32l431xx.o ABSOLUTE
    __Vectors                                0x08000000   Data           4  startup_stm32l431xx.o(RESET)
    __Vectors_End                            0x0800018c   Data           0  startup_stm32l431xx.o(RESET)
    __main                                   0x0800018d   Thumb Code     0  entry.o(.ARM.Collect$$$$00000000)
    _main_stk                                0x0800018d   Thumb Code     0  entry2.o(.ARM.Collect$$$$00000001)
    _main_scatterload                        0x08000191   Thumb Code     0  entry5.o(.ARM.Collect$$$$00000004)
    __main_after_scatterload                 0x08000195   Thumb Code     0  entry5.o(.ARM.Collect$$$$00000004)
    _main_clock                              0x08000195   Thumb Code     0  entry7b.o(.ARM.Collect$$$$00000008)
    _main_cpp_init                           0x08000195   Thumb Code     0  entry8b.o(.ARM.Collect$$$$0000000A)
    _main_init                               0x08000195   Thumb Code     0  entry9a.o(.ARM.Collect$$$$0000000B)
    __rt_final_cpp                           0x0800019d   Thumb Code     0  entry10a.o(.ARM.Collect$$$$0000000D)
    __rt_final_exit                          0x0800019d   Thumb Code     0  entry11a.o(.ARM.Collect$$$$0000000F)
    Reset_Handler                            0x080001a1   Thumb Code     8  startup_stm32l431xx.o(.text)
    ADC1_IRQHandler                          0x080001bb   Thumb Code     0  startup_stm32l431xx.o(.text)
    CAN1_RX0_IRQHandler                      0x080001bb   Thumb Code     0  startup_stm32l431xx.o(.text)
    CAN1_RX1_IRQHandler                      0x080001bb   Thumb Code     0  startup_stm32l431xx.o(.text)
    CAN1_SCE_IRQHandler                      0x080001bb   Thumb Code     0  startup_stm32l431xx.o(.text)
    CAN1_TX_IRQHandler                       0x080001bb   Thumb Code     0  startup_stm32l431xx.o(.text)
    COMP_IRQHandler                          0x080001bb   Thumb Code     0  startup_stm32l431xx.o(.text)
    CRS_IRQHandler                           0x080001bb   Thumb Code     0  startup_stm32l431xx.o(.text)
    DMA1_Channel1_IRQHandler                 0x080001bb   Thumb Code     0  startup_stm32l431xx.o(.text)
    DMA1_Channel2_IRQHandler                 0x080001bb   Thumb Code     0  startup_stm32l431xx.o(.text)
    DMA1_Channel3_IRQHandler                 0x080001bb   Thumb Code     0  startup_stm32l431xx.o(.text)
    DMA1_Channel4_IRQHandler                 0x080001bb   Thumb Code     0  startup_stm32l431xx.o(.text)
    DMA1_Channel5_IRQHandler                 0x080001bb   Thumb Code     0  startup_stm32l431xx.o(.text)
    DMA1_Channel6_IRQHandler                 0x080001bb   Thumb Code     0  startup_stm32l431xx.o(.text)
    DMA1_Channel7_IRQHandler                 0x080001bb   Thumb Code     0  startup_stm32l431xx.o(.text)
    DMA2_Channel1_IRQHandler                 0x080001bb   Thumb Code     0  startup_stm32l431xx.o(.text)
    DMA2_Channel2_IRQHandler                 0x080001bb   Thumb Code     0  startup_stm32l431xx.o(.text)
    DMA2_Channel3_IRQHandler                 0x080001bb   Thumb Code     0  startup_stm32l431xx.o(.text)
    DMA2_Channel4_IRQHandler                 0x080001bb   Thumb Code     0  startup_stm32l431xx.o(.text)
    DMA2_Channel5_IRQHandler                 0x080001bb   Thumb Code     0  startup_stm32l431xx.o(.text)
    DMA2_Channel6_IRQHandler                 0x080001bb   Thumb Code     0  startup_stm32l431xx.o(.text)
    DMA2_Channel7_IRQHandler                 0x080001bb   Thumb Code     0  startup_stm32l431xx.o(.text)
    EXTI0_IRQHandler                         0x080001bb   Thumb Code     0  startup_stm32l431xx.o(.text)
    EXTI15_10_IRQHandler                     0x080001bb   Thumb Code     0  startup_stm32l431xx.o(.text)
    EXTI1_IRQHandler                         0x080001bb   Thumb Code     0  startup_stm32l431xx.o(.text)
    EXTI3_IRQHandler                         0x080001bb   Thumb Code     0  startup_stm32l431xx.o(.text)
    EXTI4_IRQHandler                         0x080001bb   Thumb Code     0  startup_stm32l431xx.o(.text)
    EXTI9_5_IRQHandler                       0x080001bb   Thumb Code     0  startup_stm32l431xx.o(.text)
    FLASH_IRQHandler                         0x080001bb   Thumb Code     0  startup_stm32l431xx.o(.text)
    FPU_IRQHandler                           0x080001bb   Thumb Code     0  startup_stm32l431xx.o(.text)
    I2C1_ER_IRQHandler                       0x080001bb   Thumb Code     0  startup_stm32l431xx.o(.text)
    I2C1_EV_IRQHandler                       0x080001bb   Thumb Code     0  startup_stm32l431xx.o(.text)
    I2C2_ER_IRQHandler                       0x080001bb   Thumb Code     0  startup_stm32l431xx.o(.text)
    I2C2_EV_IRQHandler                       0x080001bb   Thumb Code     0  startup_stm32l431xx.o(.text)
    I2C3_ER_IRQHandler                       0x080001bb   Thumb Code     0  startup_stm32l431xx.o(.text)
    I2C3_EV_IRQHandler                       0x080001bb   Thumb Code     0  startup_stm32l431xx.o(.text)
    LPTIM1_IRQHandler                        0x080001bb   Thumb Code     0  startup_stm32l431xx.o(.text)
    LPTIM2_IRQHandler                        0x080001bb   Thumb Code     0  startup_stm32l431xx.o(.text)
    LPUART1_IRQHandler                       0x080001bb   Thumb Code     0  startup_stm32l431xx.o(.text)
    PVD_PVM_IRQHandler                       0x080001bb   Thumb Code     0  startup_stm32l431xx.o(.text)
    QUADSPI_IRQHandler                       0x080001bb   Thumb Code     0  startup_stm32l431xx.o(.text)
    RCC_IRQHandler                           0x080001bb   Thumb Code     0  startup_stm32l431xx.o(.text)
    RNG_IRQHandler                           0x080001bb   Thumb Code     0  startup_stm32l431xx.o(.text)
    RTC_Alarm_IRQHandler                     0x080001bb   Thumb Code     0  startup_stm32l431xx.o(.text)
    RTC_WKUP_IRQHandler                      0x080001bb   Thumb Code     0  startup_stm32l431xx.o(.text)
    SAI1_IRQHandler                          0x080001bb   Thumb Code     0  startup_stm32l431xx.o(.text)
    SDMMC1_IRQHandler                        0x080001bb   Thumb Code     0  startup_stm32l431xx.o(.text)
    SPI1_IRQHandler                          0x080001bb   Thumb Code     0  startup_stm32l431xx.o(.text)
    SPI2_IRQHandler                          0x080001bb   Thumb Code     0  startup_stm32l431xx.o(.text)
    SPI3_IRQHandler                          0x080001bb   Thumb Code     0  startup_stm32l431xx.o(.text)
    SWPMI1_IRQHandler                        0x080001bb   Thumb Code     0  startup_stm32l431xx.o(.text)
    TAMP_STAMP_IRQHandler                    0x080001bb   Thumb Code     0  startup_stm32l431xx.o(.text)
    TIM1_BRK_TIM15_IRQHandler                0x080001bb   Thumb Code     0  startup_stm32l431xx.o(.text)
    TIM1_CC_IRQHandler                       0x080001bb   Thumb Code     0  startup_stm32l431xx.o(.text)
    TIM1_TRG_COM_IRQHandler                  0x080001bb   Thumb Code     0  startup_stm32l431xx.o(.text)
    TIM1_UP_TIM16_IRQHandler                 0x080001bb   Thumb Code     0  startup_stm32l431xx.o(.text)
    TIM2_IRQHandler                          0x080001bb   Thumb Code     0  startup_stm32l431xx.o(.text)
    TIM6_DAC_IRQHandler                      0x080001bb   Thumb Code     0  startup_stm32l431xx.o(.text)
    TIM7_IRQHandler                          0x080001bb   Thumb Code     0  startup_stm32l431xx.o(.text)
    TSC_IRQHandler                           0x080001bb   Thumb Code     0  startup_stm32l431xx.o(.text)
    USART1_IRQHandler                        0x080001bb   Thumb Code     0  startup_stm32l431xx.o(.text)
    USART2_IRQHandler                        0x080001bb   Thumb Code     0  startup_stm32l431xx.o(.text)
    USART3_IRQHandler                        0x080001bb   Thumb Code     0  startup_stm32l431xx.o(.text)
    WWDG_IRQHandler                          0x080001bb   Thumb Code     0  startup_stm32l431xx.o(.text)
    port_int_disable                         0x080001c5   Thumb Code     0  port_s.o(.text)
    port_int_enable                          0x080001c9   Thumb Code     0  port_s.o(.text)
    port_cpsr_save                           0x080001cd   Thumb Code     0  port_s.o(.text)
    port_cpsr_restore                        0x080001d5   Thumb Code     0  port_s.o(.text)
    port_clz                                 0x080001db   Thumb Code     0  port_s.o(.text)
    port_sched_start                         0x080001e1   Thumb Code     0  port_s.o(.text)
    port_context_switch                      0x0800023b   Thumb Code     0  port_s.o(.text)
    port_irq_context_switch                  0x08000245   Thumb Code     0  port_s.o(.text)
    PendSV_Handler                           0x0800024f   Thumb Code     0  port_s.o(.text)
    __aeabi_uldivmod                         0x080002b1   Thumb Code    98  uldiv.o(.text)
    __aeabi_memset                           0x08000319   Thumb Code    14  memseta.o(.text)
    __aeabi_memset4                          0x08000319   Thumb Code     0  memseta.o(.text)
    __aeabi_memset8                          0x08000319   Thumb Code     0  memseta.o(.text)
    __aeabi_memclr                           0x08000327   Thumb Code     4  memseta.o(.text)
    __aeabi_memclr4                          0x08000327   Thumb Code     0  memseta.o(.text)
    __aeabi_memclr8                          0x08000327   Thumb Code     0  memseta.o(.text)
    _memset$wrapper                          0x0800032b   Thumb Code    18  memseta.o(.text)
    strncpy                                  0x0800033d   Thumb Code    24  strncpy.o(.text)
    __aeabi_llsl                             0x08000355   Thumb Code    30  llshl.o(.text)
    _ll_shift_l                              0x08000355   Thumb Code     0  llshl.o(.text)
    __aeabi_llsr                             0x08000373   Thumb Code    32  llushr.o(.text)
    _ll_ushift_r                             0x08000373   Thumb Code     0  llushr.o(.text)
    __scatterload                            0x08000395   Thumb Code    28  init.o(.text)
    __scatterload_rt2                        0x08000395   Thumb Code     0  init.o(.text)
    BusFault_Handler                         0x080003b9   Thumb Code     2  stm32l4xx_it.o(i.BusFault_Handler)
    DebugMon_Handler                         0x080003bb   Thumb Code     2  stm32l4xx_it.o(i.DebugMon_Handler)
    EXTI2_IRQHandler                         0x080003bd   Thumb Code    20  stm32l4xx_it.o(i.EXTI2_IRQHandler)
    Error_Handler                            0x080003d1   Thumb Code     2  main.o(i.Error_Handler)
    HAL_Delay                                0x080003d5   Thumb Code    32  stm32l4xx_hal.o(i.HAL_Delay)
    HAL_GPIO_EXTI_Callback                   0x080003f9   Thumb Code     2  stm32l4xx_hal_gpio.o(i.HAL_GPIO_EXTI_Callback)
    HAL_GPIO_EXTI_IRQHandler                 0x080003fd   Thumb Code    18  stm32l4xx_hal_gpio.o(i.HAL_GPIO_EXTI_IRQHandler)
    HAL_GPIO_Init                            0x08000415   Thumb Code   364  stm32l4xx_hal_gpio.o(i.HAL_GPIO_Init)
    HAL_GetTick                              0x080005a5   Thumb Code     6  stm32l4xx_hal.o(i.HAL_GetTick)
    HAL_IncTick                              0x080005b1   Thumb Code    12  stm32l4xx_hal.o(i.HAL_IncTick)
    HAL_Init                                 0x080005c1   Thumb Code    30  stm32l4xx_hal.o(i.HAL_Init)
    HAL_InitTick                             0x080005e1   Thumb Code    58  stm32l4xx_hal.o(i.HAL_InitTick)
    HAL_MspInit                              0x08000625   Thumb Code    38  stm32l4xx_hal_msp.o(i.HAL_MspInit)
    HAL_NVIC_EnableIRQ                       0x08000651   Thumb Code    26  stm32l4xx_hal_cortex.o(i.HAL_NVIC_EnableIRQ)
    HAL_NVIC_SetPriority                     0x0800066d   Thumb Code    60  stm32l4xx_hal_cortex.o(i.HAL_NVIC_SetPriority)
    HAL_NVIC_SetPriorityGrouping             0x080006ad   Thumb Code    26  stm32l4xx_hal_cortex.o(i.HAL_NVIC_SetPriorityGrouping)
    HAL_PWREx_ControlVoltageScaling          0x080006d1   Thumb Code    90  stm32l4xx_hal_pwr_ex.o(i.HAL_PWREx_ControlVoltageScaling)
    HAL_PWREx_GetVoltageRange                0x08000739   Thumb Code    10  stm32l4xx_hal_pwr_ex.o(i.HAL_PWREx_GetVoltageRange)
    HAL_RCCEx_PeriphCLKConfig                0x08000749   Thumb Code   682  stm32l4xx_hal_rcc_ex.o(i.HAL_RCCEx_PeriphCLKConfig)
    HAL_RCC_ClockConfig                      0x08000a05   Thumb Code   266  stm32l4xx_hal_rcc.o(i.HAL_RCC_ClockConfig)
    HAL_RCC_GetPCLK1Freq                     0x08000b25   Thumb Code    24  stm32l4xx_hal_rcc.o(i.HAL_RCC_GetPCLK1Freq)
    HAL_RCC_GetPCLK2Freq                     0x08000b49   Thumb Code    24  stm32l4xx_hal_rcc.o(i.HAL_RCC_GetPCLK2Freq)
    HAL_RCC_GetSysClockFreq                  0x08000b6d   Thumb Code   150  stm32l4xx_hal_rcc.o(i.HAL_RCC_GetSysClockFreq)
    HAL_RCC_OscConfig                        0x08000c11   Thumb Code  1312  stm32l4xx_hal_rcc.o(i.HAL_RCC_OscConfig)
    HAL_SYSTICK_Config                       0x08001135   Thumb Code    40  stm32l4xx_hal_cortex.o(i.HAL_SYSTICK_Config)
    HAL_UART_Init                            0x0800115d   Thumb Code   102  stm32l4xx_hal_uart.o(i.HAL_UART_Init)
    HAL_UART_MspInit                         0x080011c5   Thumb Code    90  usart.o(i.HAL_UART_MspInit)
    HardFault_Handler                        0x08001229   Thumb Code     2  stm32l4xx_it.o(i.HardFault_Handler)
    MX_GPIO_Init                             0x0800122d   Thumb Code   102  gpio.o(i.MX_GPIO_Init)
    MX_USART2_UART_Init                      0x080012a1   Thumb Code    52  usart.o(i.MX_USART2_UART_Init)
    MemManage_Handler                        0x080012dd   Thumb Code     2  stm32l4xx_it.o(i.MemManage_Handler)
    NMI_Handler                              0x080012df   Thumb Code     2  stm32l4xx_it.o(i.NMI_Handler)
    SVC_Handler                              0x08001489   Thumb Code     2  stm32l4xx_it.o(i.SVC_Handler)
    SysTick_Handler                          0x0800148b   Thumb Code    32  stm32l4xx_it.o(i.SysTick_Handler)
    SystemClock_Config                       0x080014ab   Thumb Code   112  main.o(i.SystemClock_Config)
    SystemInit                               0x0800151d   Thumb Code    56  system_stm32l4xx.o(i.SystemInit)
    UART_AdvFeatureConfig                    0x08001561   Thumb Code   200  stm32l4xx_hal_uart.o(i.UART_AdvFeatureConfig)
    UART_CheckIdleState                      0x08001629   Thumb Code    88  stm32l4xx_hal_uart.o(i.UART_CheckIdleState)
    UART_SetConfig                           0x08001681   Thumb Code   554  stm32l4xx_hal_uart.o(i.UART_SetConfig)
    UART_WaitOnFlagUntilTimeout              0x080018d5   Thumb Code    96  stm32l4xx_hal_uart.o(i.UART_WaitOnFlagUntilTimeout)
    UsageFault_Handler                       0x08001935   Thumb Code     2  stm32l4xx_it.o(i.UsageFault_Handler)
    __0printf$5                              0x08001939   Thumb Code    22  printf5.o(i.__0printf$5)
    __1printf$5                              0x08001939   Thumb Code     0  printf5.o(i.__0printf$5)
    __2printf                                0x08001939   Thumb Code     0  printf5.o(i.__0printf$5)
    __scatterload_copy                       0x080019a5   Thumb Code    14  handlers.o(i.__scatterload_copy)
    __scatterload_null                       0x080019b3   Thumb Code     2  handlers.o(i.__scatterload_null)
    __scatterload_zeroinit                   0x080019b5   Thumb Code    14  handlers.o(i.__scatterload_zeroinit)
    application_entry                        0x08001c8d   Thumb Code    78  tick_demo_4.o(i.application_entry)
    cpu_context_switch                       0x08001d99   Thumb Code     4  tos_cpu.o(i.cpu_context_switch)
    cpu_init                                 0x08001d9d   Thumb Code    30  tos_cpu.o(i.cpu_init)
    cpu_irq_context_switch                   0x08001dc9   Thumb Code     4  tos_cpu.o(i.cpu_irq_context_switch)
    cpu_sched_start                          0x08001dcd   Thumb Code     4  tos_cpu.o(i.cpu_sched_start)
    cpu_systick_init                         0x08001dd1   Thumb Code    20  tos_cpu.o(i.cpu_systick_init)
    cpu_task_stk_init                        0x08001de5   Thumb Code   144  tos_cpu.o(i.cpu_task_stk_init)
    fputc                                    0x08001e75   Thumb Code    18  usart.o(i.fputc)
    knl_idle_init                            0x08001e91   Thumb Code    32  tos_sys.o(i.knl_idle_init)
    knl_is_idle                              0x08001ec9   Thumb Code    14  tos_sys.o(i.knl_is_idle)
    knl_is_inirq                             0x08001edd   Thumb Code    12  tos_sys.o(i.knl_is_inirq)
    knl_is_sched_locked                      0x08001eed   Thumb Code    12  tos_sys.o(i.knl_is_sched_locked)
    knl_is_self                              0x08001efd   Thumb Code    16  tos_sys.o(i.knl_is_self)
    knl_sched                                0x08001f11   Thumb Code    64  tos_sys.o(i.knl_sched)
    main                                     0x08001f65   Thumb Code    40  main.o(i.main)
    mmheap_init_with_pool                    0x08002041   Thumb Code    22  tos_mmheap.o(i.mmheap_init_with_pool)
    mutex_release                            0x080020bf   Thumb Code    20  tos_mutex.o(i.mutex_release)
    osThreadCreate                           0x080020d3   Thumb Code    50  cmsis_os.o(i.osThreadCreate)
    pend_highest_pending_prio_get            0x08002105   Thumb Code    20  tos_pend.o(i.pend_highest_pending_prio_get)
    pend_list_adjust                         0x08002157   Thumb Code    14  tos_pend.o(i.pend_list_adjust)
    pend_list_remove                         0x08002165   Thumb Code    24  tos_pend.o(i.pend_list_remove)
    pend_task_wakeup                         0x0800217d   Thumb Code    56  tos_pend.o(i.pend_task_wakeup)
    pend_wakeup_all                          0x080021b5   Thumb Code    36  tos_pend.o(i.pend_wakeup_all)
    port_systick_config                      0x080021d9   Thumb Code    34  port_c.o(i.port_systick_config)
    port_systick_priority_set                0x080021fb   Thumb Code    10  port_c.o(i.port_systick_priority_set)
    readyqueue_add                           0x08002215   Thumb Code    24  tos_sched.o(i.readyqueue_add)
    readyqueue_add_head                      0x08002231   Thumb Code    38  tos_sched.o(i.readyqueue_add_head)
    readyqueue_add_tail                      0x0800225d   Thumb Code    38  tos_sched.o(i.readyqueue_add_tail)
    readyqueue_first_task_get                0x08002289   Thumb Code    20  tos_sched.o(i.readyqueue_first_task_get)
    readyqueue_highest_ready_task_get        0x080022a1   Thumb Code    14  tos_sched.o(i.readyqueue_highest_ready_task_get)
    readyqueue_init                          0x080022b5   Thumb Code    48  tos_sched.o(i.readyqueue_init)
    readyqueue_is_prio_onlyone               0x080022e9   Thumb Code    22  tos_sched.o(i.readyqueue_is_prio_onlyone)
    readyqueue_move_head_to_tail             0x08002305   Thumb Code    32  tos_sched.o(i.readyqueue_move_head_to_tail)
    readyqueue_remove                        0x08002359   Thumb Code    92  tos_sched.o(i.readyqueue_remove)
    robin_sched                              0x080023b9   Thumb Code   102  tos_robin.o(i.robin_sched)
    task1_entry                              0x08002429   Thumb Code    24  tick_demo_4.o(i.task1_entry)
    task2_entry                              0x0800246d   Thumb Code    24  tick_demo_4.o(i.task2_entry)
    tick_list_remove                         0x08002565   Thumb Code   112  tos_tick.o(i.tick_list_remove)
    tick_update                              0x080025d9   Thumb Code   114  tos_tick.o(i.tick_update)
    timer_init                               0x08002655   Thumb Code     4  tos_timer.o(i.timer_init)
    timer_update                             0x0800270d   Thumb Code   118  tos_timer.o(i.timer_update)
    tos_cpu_clz                              0x0800278d   Thumb Code     4  tos_cpu.o(i.tos_cpu_clz)
    tos_cpu_cpsr_restore                     0x08002791   Thumb Code     4  tos_cpu.o(i.tos_cpu_cpsr_restore)
    tos_cpu_cpsr_save                        0x08002795   Thumb Code     4  tos_cpu.o(i.tos_cpu_cpsr_save)
    tos_knl_init                             0x08002799   Thumb Code    42  tos_sys.o(i.tos_knl_init)
    tos_knl_irq_enter                        0x080027c9   Thumb Code    22  tos_sys.o(i.tos_knl_irq_enter)
    tos_knl_irq_leave                        0x080027e9   Thumb Code    70  tos_sys.o(i.tos_knl_irq_leave)
    tos_knl_is_running                       0x08002845   Thumb Code    12  tos_sys.o(i.tos_knl_is_running)
    tos_knl_sched_lock                       0x08002855   Thumb Code    60  tos_sys.o(i.tos_knl_sched_lock)
    tos_knl_sched_unlock                     0x0800289d   Thumb Code    62  tos_sys.o(i.tos_knl_sched_unlock)
    tos_knl_start                            0x080028e9   Thumb Code    40  tos_sys.o(i.tos_knl_start)
    tos_mmheap_pool_add                      0x0800292d   Thumb Code   124  tos_mmheap.o(i.tos_mmheap_pool_add)
    tos_task_create                          0x080029b1   Thumb Code   230  tos_task.o(i.tos_task_create)
    tos_task_destroy                         0x08002aad   Thumb Code    70  tos_task.o(i.tos_task_destroy)
    tos_task_prio_change                     0x08002af9   Thumb Code   196  tos_task.o(i.tos_task_prio_change)
    tos_tick_handler                         0x08002bbd   Thumb Code    40  tos_tick.o(i.tos_tick_handler)
    os_thread_def_application_entry          0x08002be8   Data          32  main.o(.constdata)
    AHBPrescTable                            0x08002c08   Data          16  system_stm32l4xx.o(.constdata)
    MSIRangeTable                            0x08002c18   Data          48  system_stm32l4xx.o(.constdata)
    APBPrescTable                            0x08002c48   Data           8  system_stm32l4xx.o(.constdata)
    k_idle_task_stk_addr                     0x08002c50   Data           4  tos_global.o(.constdata)
    k_idle_task_stk_size                     0x08002c54   Data           4  tos_global.o(.constdata)
    Region$$Table$$Base                      0x08002c6c   Number         0  anon$$obj.o(Region$$Table)
    Region$$Table$$Limit                     0x08002c8c   Number         0  anon$$obj.o(Region$$Table)
    uwTickPrio                               0x20000000   Data           4  stm32l4xx_hal.o(.data)
    uwTickFreq                               0x20000004   Data           4  stm32l4xx_hal.o(.data)
    uwTick                                   0x20000008   Data           4  stm32l4xx_hal.o(.data)
    SystemCoreClock                          0x2000000c   Data           4  system_stm32l4xx.o(.data)
    k_irq_nest_cnt                           0x20000010   Data           1  tos_global.o(.data)
    k_sched_lock_nest_cnt                    0x20000011   Data           1  tos_global.o(.data)
    k_knl_state                              0x20000012   Data           1  tos_global.o(.data)
    k_tick_count                             0x20000018   Data           8  tos_global.o(.data)
    k_curr_task                              0x20000020   Data           4  tos_global.o(.data)
    k_next_task                              0x20000024   Data           4  tos_global.o(.data)
    k_cpu_tick_per_second                    0x20000028   Data           8  tos_global.o(.data)
    k_cpu_cycle_per_tick                     0x20000030   Data           4  tos_global.o(.data)
    k_stat_list                              0x20000034   Data           8  tos_global.o(.data)
    k_tick_list                              0x2000003c   Data           8  tos_global.o(.data)
    k_robin_default_timeslice                0x20000044   Data           4  tos_global.o(.data)
    k_timer_ctl                              0x20000048   Data          16  tos_global.o(.data)
    __stdout                                 0x20000058   Data           4  stdout.o(.data)
    task_handler_application_entry           0x20000060   Data         120  main.o(.bss)
    task_stack_application_entry             0x200000d8   Data        4096  main.o(.bss)
    huart2                                   0x200010d8   Data         128  usart.o(.bss)
    task1                                    0x20001158   Data         120  tick_demo_4.o(.bss)
    task2                                    0x200011d0   Data         120  tick_demo_4.o(.bss)
    task1_stack                              0x20001248   Data         256  tick_demo_4.o(.bss)
    task2_stack                              0x20001348   Data         256  tick_demo_4.o(.bss)
    k_rdyq                                   0x20001448   Data          88  tos_global.o(.bss)
    k_idle_task                              0x200014a0   Data         120  tos_global.o(.bss)
    k_idle_task_stk                          0x20001518   Data         512  tos_global.o(.bss)
    k_mmheap_default_pool                    0x20001718   Data       32768  tos_global.o(.bss)
    k_mmheap_ctl                             0x20009718   Data        3204  tos_global.o(.bss)
    __initial_sp                             0x2000a7a0   Data           0  startup_stm32l431xx.o(STACK)



==============================================================================

Memory Map of the image

  Image Entry point : 0x0800018d

  Load Region LR_IROM1 (Base: 0x08000000, Size: 0x00002ce8, Max: 0x00040000, ABSOLUTE)

    Execution Region ER_IROM1 (Exec base: 0x08000000, Load base: 0x08000000, Size: 0x00002c8c, Max: 0x00040000, ABSOLUTE)

    Exec Addr    Load Addr    Size         Type   Attr      Idx    E Section Name        Object

    0x08000000   0x08000000   0x0000018c   Data   RO            3    RESET               startup_stm32l431xx.o
    0x0800018c   0x0800018c   0x00000000   Code   RO         5447  * .ARM.Collect$$$$00000000  mc_w.l(entry.o)
    0x0800018c   0x0800018c   0x00000004   Code   RO         5721    .ARM.Collect$$$$00000001  mc_w.l(entry2.o)
    0x08000190   0x08000190   0x00000004   Code   RO         5724    .ARM.Collect$$$$00000004  mc_w.l(entry5.o)
    0x08000194   0x08000194   0x00000000   Code   RO         5726    .ARM.Collect$$$$00000008  mc_w.l(entry7b.o)
    0x08000194   0x08000194   0x00000000   Code   RO         5728    .ARM.Collect$$$$0000000A  mc_w.l(entry8b.o)
    0x08000194   0x08000194   0x00000008   Code   RO         5729    .ARM.Collect$$$$0000000B  mc_w.l(entry9a.o)
    0x0800019c   0x0800019c   0x00000000   Code   RO         5731    .ARM.Collect$$$$0000000D  mc_w.l(entry10a.o)
    0x0800019c   0x0800019c   0x00000000   Code   RO         5733    .ARM.Collect$$$$0000000F  mc_w.l(entry11a.o)
    0x0800019c   0x0800019c   0x00000004   Code   RO         5722    .ARM.Collect$$$$00002712  mc_w.l(entry2.o)
    0x080001a0   0x080001a0   0x00000024   Code   RO            4    .text               startup_stm32l431xx.o
    0x080001c4   0x080001c4   0x000000ec   Code   RO         3129    .text               port_s.o
    0x080002b0   0x080002b0   0x00000068   Code   RO         5450    .text               mc_w.l(uldiv.o)
    0x08000318   0x08000318   0x00000024   Code   RO         5454    .text               mc_w.l(memseta.o)
    0x0800033c   0x0800033c   0x00000018   Code   RO         5456    .text               mc_w.l(strncpy.o)
    0x08000354   0x08000354   0x0000001e   Code   RO         5738    .text               mc_w.l(llshl.o)
    0x08000372   0x08000372   0x00000020   Code   RO         5740    .text               mc_w.l(llushr.o)
    0x08000392   0x08000392   0x00000002   PAD
    0x08000394   0x08000394   0x00000024   Code   RO         5753    .text               mc_w.l(init.o)
    0x080003b8   0x080003b8   0x00000002   Code   RO          421    i.BusFault_Handler  stm32l4xx_it.o
    0x080003ba   0x080003ba   0x00000002   Code   RO          422    i.DebugMon_Handler  stm32l4xx_it.o
    0x080003bc   0x080003bc   0x00000014   Code   RO          423    i.EXTI2_IRQHandler  stm32l4xx_it.o
    0x080003d0   0x080003d0   0x00000002   Code   RO           13    i.Error_Handler     main.o
    0x080003d2   0x080003d2   0x00000002   PAD
    0x080003d4   0x080003d4   0x00000024   Code   RO          985    i.HAL_Delay         stm32l4xx_hal.o
    0x080003f8   0x080003f8   0x00000002   Code   RO         2211    i.HAL_GPIO_EXTI_Callback  stm32l4xx_hal_gpio.o
    0x080003fa   0x080003fa   0x00000002   PAD
    0x080003fc   0x080003fc   0x00000018   Code   RO         2212    i.HAL_GPIO_EXTI_IRQHandler  stm32l4xx_hal_gpio.o
    0x08000414   0x08000414   0x0000018e   Code   RO         2213    i.HAL_GPIO_Init     stm32l4xx_hal_gpio.o
    0x080005a2   0x080005a2   0x00000002   PAD
    0x080005a4   0x080005a4   0x0000000c   Code   RO          989    i.HAL_GetTick       stm32l4xx_hal.o
    0x080005b0   0x080005b0   0x00000010   Code   RO          995    i.HAL_IncTick       stm32l4xx_hal.o
    0x080005c0   0x080005c0   0x0000001e   Code   RO          996    i.HAL_Init          stm32l4xx_hal.o
    0x080005de   0x080005de   0x00000002   PAD
    0x080005e0   0x080005e0   0x00000044   Code   RO          997    i.HAL_InitTick      stm32l4xx_hal.o
    0x08000624   0x08000624   0x0000002c   Code   RO          496    i.HAL_MspInit       stm32l4xx_hal_msp.o
    0x08000650   0x08000650   0x0000001a   Code   RO         2694    i.HAL_NVIC_EnableIRQ  stm32l4xx_hal_cortex.o
    0x0800066a   0x0800066a   0x00000002   PAD
    0x0800066c   0x0800066c   0x00000040   Code   RO         2700    i.HAL_NVIC_SetPriority  stm32l4xx_hal_cortex.o
    0x080006ac   0x080006ac   0x00000024   Code   RO         2701    i.HAL_NVIC_SetPriorityGrouping  stm32l4xx_hal_cortex.o
    0x080006d0   0x080006d0   0x00000068   Code   RO         2504    i.HAL_PWREx_ControlVoltageScaling  stm32l4xx_hal_pwr_ex.o
    0x08000738   0x08000738   0x00000010   Code   RO         2527    i.HAL_PWREx_GetVoltageRange  stm32l4xx_hal_pwr_ex.o
    0x08000748   0x08000748   0x000002ba   Code   RO         1846    i.HAL_RCCEx_PeriphCLKConfig  stm32l4xx_hal_rcc_ex.o
    0x08000a02   0x08000a02   0x00000002   PAD
    0x08000a04   0x08000a04   0x00000120   Code   RO         1724    i.HAL_RCC_ClockConfig  stm32l4xx_hal_rcc.o
    0x08000b24   0x08000b24   0x00000024   Code   RO         1730    i.HAL_RCC_GetPCLK1Freq  stm32l4xx_hal_rcc.o
    0x08000b48   0x08000b48   0x00000024   Code   RO         1731    i.HAL_RCC_GetPCLK2Freq  stm32l4xx_hal_rcc.o
    0x08000b6c   0x08000b6c   0x000000a4   Code   RO         1732    i.HAL_RCC_GetSysClockFreq  stm32l4xx_hal_rcc.o
    0x08000c10   0x08000c10   0x00000524   Code   RO         1735    i.HAL_RCC_OscConfig  stm32l4xx_hal_rcc.o
    0x08001134   0x08001134   0x00000028   Code   RO         2705    i.HAL_SYSTICK_Config  stm32l4xx_hal_cortex.o
    0x0800115c   0x0800115c   0x00000066   Code   RO          582    i.HAL_UART_Init     stm32l4xx_hal_uart.o
    0x080011c2   0x080011c2   0x00000002   PAD
    0x080011c4   0x080011c4   0x00000064   Code   RO          370    i.HAL_UART_MspInit  usart.o
    0x08001228   0x08001228   0x00000002   Code   RO          424    i.HardFault_Handler  stm32l4xx_it.o
    0x0800122a   0x0800122a   0x00000002   PAD
    0x0800122c   0x0800122c   0x00000074   Code   RO          318    i.MX_GPIO_Init      gpio.o
    0x080012a0   0x080012a0   0x0000003c   Code   RO          371    i.MX_USART2_UART_Init  usart.o
    0x080012dc   0x080012dc   0x00000002   Code   RO          425    i.MemManage_Handler  stm32l4xx_it.o
    0x080012de   0x080012de   0x00000002   Code   RO          426    i.NMI_Handler       stm32l4xx_it.o
    0x080012e0   0x080012e0   0x0000012c   Code   RO         1850    i.RCCEx_PLLSAI1_Config  stm32l4xx_hal_rcc_ex.o
    0x0800140c   0x0800140c   0x0000007c   Code   RO         1736    i.RCC_SetFlashLatencyFromMSIRange  stm32l4xx_hal_rcc.o
    0x08001488   0x08001488   0x00000002   Code   RO          427    i.SVC_Handler       stm32l4xx_it.o
    0x0800148a   0x0800148a   0x00000020   Code   RO          428    i.SysTick_Handler   stm32l4xx_it.o
    0x080014aa   0x080014aa   0x00000070   Code   RO           14    i.SystemClock_Config  main.o
    0x0800151a   0x0800151a   0x00000002   PAD
    0x0800151c   0x0800151c   0x00000044   Code   RO         2897    i.SystemInit        system_stm32l4xx.o
    0x08001560   0x08001560   0x000000c8   Code   RO          595    i.UART_AdvFeatureConfig  stm32l4xx_hal_uart.o
    0x08001628   0x08001628   0x00000058   Code   RO          596    i.UART_CheckIdleState  stm32l4xx_hal_uart.o
    0x08001680   0x08001680   0x00000254   Code   RO          611    i.UART_SetConfig    stm32l4xx_hal_uart.o
    0x080018d4   0x080018d4   0x00000060   Code   RO          614    i.UART_WaitOnFlagUntilTimeout  stm32l4xx_hal_uart.o
    0x08001934   0x08001934   0x00000002   Code   RO          429    i.UsageFault_Handler  stm32l4xx_it.o
    0x08001936   0x08001936   0x00000002   PAD
    0x08001938   0x08001938   0x00000020   Code   RO         5593    i.__0printf$5       mc_w.l(printf5.o)
    0x08001958   0x08001958   0x00000020   Code   RO         2707    i.__NVIC_SetPriority  stm32l4xx_hal_cortex.o
    0x08001978   0x08001978   0x00000020   Code   RO         3087    i.__NVIC_SetPriority  port_c.o
    0x08001998   0x08001998   0x0000000c   Code   RO         3727    i.__fls             tos_mmheap.o
    0x080019a4   0x080019a4   0x0000000e   Code   RO         5761    i.__scatterload_copy  mc_w.l(handlers.o)
    0x080019b2   0x080019b2   0x00000002   Code   RO         5762    i.__scatterload_null  mc_w.l(handlers.o)
    0x080019b4   0x080019b4   0x0000000e   Code   RO         5763    i.__scatterload_zeroinit  mc_w.l(handlers.o)
    0x080019c2   0x080019c2   0x00000002   PAD
    0x080019c4   0x080019c4   0x000002c6   Code   RO         5600    i._printf_core      mc_w.l(printf5.o)
    0x08001c8a   0x08001c8a   0x00000002   PAD
    0x08001c8c   0x08001c8c   0x000000a0   Code   RO         2934    i.application_entry  tick_demo_4.o
    0x08001d2c   0x08001d2c   0x00000050   Code   RO         3731    i.blk_insert        tos_mmheap.o
    0x08001d7c   0x08001d7c   0x0000000c   Code   RO         3732    i.blk_link_next     tos_mmheap.o
    0x08001d88   0x08001d88   0x00000010   Code   RO         3737    i.blk_next          tos_mmheap.o
    0x08001d98   0x08001d98   0x00000004   Code   RO         2973    i.cpu_context_switch  tos_cpu.o
    0x08001d9c   0x08001d9c   0x0000002c   Code   RO         2974    i.cpu_init          tos_cpu.o
    0x08001dc8   0x08001dc8   0x00000004   Code   RO         2975    i.cpu_irq_context_switch  tos_cpu.o
    0x08001dcc   0x08001dcc   0x00000004   Code   RO         2977    i.cpu_sched_start   tos_cpu.o
    0x08001dd0   0x08001dd0   0x00000014   Code   RO         2978    i.cpu_systick_init  tos_cpu.o
    0x08001de4   0x08001de4   0x00000090   Code   RO         2980    i.cpu_task_stk_init  tos_cpu.o
    0x08001e74   0x08001e74   0x00000018   Code   RO          372    i.fputc             usart.o
    0x08001e8c   0x08001e8c   0x00000002   Code   RO         4653    i.knl_idle_entry    tos_sys.o
    0x08001e8e   0x08001e8e   0x00000002   PAD
    0x08001e90   0x08001e90   0x00000038   Code   RO         4654    i.knl_idle_init     tos_sys.o
    0x08001ec8   0x08001ec8   0x00000014   Code   RO         4655    i.knl_is_idle       tos_sys.o
    0x08001edc   0x08001edc   0x00000010   Code   RO         4656    i.knl_is_inirq      tos_sys.o
    0x08001eec   0x08001eec   0x00000010   Code   RO         4657    i.knl_is_sched_locked  tos_sys.o
    0x08001efc   0x08001efc   0x00000014   Code   RO         4658    i.knl_is_self       tos_sys.o
    0x08001f10   0x08001f10   0x00000054   Code   RO         4659    i.knl_sched         tos_sys.o
    0x08001f64   0x08001f64   0x00000064   Code   RO           16    i.main              main.o
    0x08001fc8   0x08001fc8   0x0000002c   Code   RO         3741    i.mapping_insert    tos_mmheap.o
    0x08001ff4   0x08001ff4   0x0000004c   Code   RO         3742    i.mmheap_ctl_init   tos_mmheap.o
    0x08002040   0x08002040   0x00000016   Code   RO         3744    i.mmheap_init_with_pool  tos_mmheap.o
    0x08002056   0x08002056   0x00000002   PAD
    0x08002058   0x08002058   0x00000028   Code   RO         3745    i.mmheap_pool_is_exist  tos_mmheap.o
    0x08002080   0x08002080   0x0000003e   Code   RO         3906    i.mutex_old_owner_release  tos_mutex.o
    0x080020be   0x080020be   0x00000014   Code   RO         3907    i.mutex_release     tos_mutex.o
    0x080020d2   0x080020d2   0x00000032   Code   RO         5213    i.osThreadCreate    cmsis_os.o
    0x08002104   0x08002104   0x00000014   Code   RO         4018    i.pend_highest_pending_prio_get  tos_pend.o
    0x08002118   0x08002118   0x0000003e   Code   RO         4021    i.pend_list_add     tos_pend.o
    0x08002156   0x08002156   0x0000000e   Code   RO         4022    i.pend_list_adjust  tos_pend.o
    0x08002164   0x08002164   0x00000018   Code   RO         4023    i.pend_list_remove  tos_pend.o
    0x0800217c   0x0800217c   0x00000038   Code   RO         4028    i.pend_task_wakeup  tos_pend.o
    0x080021b4   0x080021b4   0x00000024   Code   RO         4030    i.pend_wakeup_all   tos_pend.o
    0x080021d8   0x080021d8   0x00000022   Code   RO         3089    i.port_systick_config  port_c.o
    0x080021fa   0x080021fa   0x0000000a   Code   RO         3090    i.port_systick_priority_set  port_c.o
    0x08002204   0x08002204   0x00000010   Code   RO         5222    i.priority_cmsis2knl  cmsis_os.o
    0x08002214   0x08002214   0x0000001c   Code   RO         4398    i.readyqueue_add    tos_sched.o
    0x08002230   0x08002230   0x0000002c   Code   RO         4399    i.readyqueue_add_head  tos_sched.o
    0x0800225c   0x0800225c   0x0000002c   Code   RO         4400    i.readyqueue_add_tail  tos_sched.o
    0x08002288   0x08002288   0x00000018   Code   RO         4401    i.readyqueue_first_task_get  tos_sched.o
    0x080022a0   0x080022a0   0x00000014   Code   RO         4402    i.readyqueue_highest_ready_task_get  tos_sched.o
    0x080022b4   0x080022b4   0x00000034   Code   RO         4403    i.readyqueue_init   tos_sched.o
    0x080022e8   0x080022e8   0x0000001c   Code   RO         4404    i.readyqueue_is_prio_onlyone  tos_sched.o
    0x08002304   0x08002304   0x00000024   Code   RO         4405    i.readyqueue_move_head_to_tail  tos_sched.o
    0x08002328   0x08002328   0x00000030   Code   RO         4406    i.readyqueue_prio_mark  tos_sched.o
    0x08002358   0x08002358   0x00000060   Code   RO         4407    i.readyqueue_remove  tos_sched.o
    0x080023b8   0x080023b8   0x00000070   Code   RO         4362    i.robin_sched       tos_robin.o
    0x08002428   0x08002428   0x00000044   Code   RO         2935    i.task1_entry       tick_demo_4.o
    0x0800246c   0x0800246c   0x00000044   Code   RO         2936    i.task2_entry       tick_demo_4.o
    0x080024b0   0x080024b0   0x00000082   Code   RO         4755    i.task_do_destroy   tos_task.o
    0x08002532   0x08002532   0x00000006   Code   RO         4756    i.task_exit         tos_task.o
    0x08002538   0x08002538   0x0000002c   Code   RO         4757    i.task_reset        tos_task.o
    0x08002564   0x08002564   0x00000074   Code   RO         4905    i.tick_list_remove  tos_tick.o
    0x080025d8   0x080025d8   0x0000007c   Code   RO         4908    i.tick_update       tos_tick.o
    0x08002654   0x08002654   0x00000004   Code   RO         5066    i.timer_init        tos_timer.o
    0x08002658   0x08002658   0x0000006c   Code   RO         5068    i.timer_place       tos_timer.o
    0x080026c4   0x080026c4   0x00000048   Code   RO         5069    i.timer_takeoff     tos_timer.o
    0x0800270c   0x0800270c   0x00000080   Code   RO         5070    i.timer_update      tos_timer.o
    0x0800278c   0x0800278c   0x00000004   Code   RO         2981    i.tos_cpu_clz       tos_cpu.o
    0x08002790   0x08002790   0x00000004   Code   RO         2982    i.tos_cpu_cpsr_restore  tos_cpu.o
    0x08002794   0x08002794   0x00000004   Code   RO         2983    i.tos_cpu_cpsr_save  tos_cpu.o
    0x08002798   0x08002798   0x00000030   Code   RO         4660    i.tos_knl_init      tos_sys.o
    0x080027c8   0x080027c8   0x00000020   Code   RO         4661    i.tos_knl_irq_enter  tos_sys.o
    0x080027e8   0x080027e8   0x0000005c   Code   RO         4662    i.tos_knl_irq_leave  tos_sys.o
    0x08002844   0x08002844   0x00000010   Code   RO         4663    i.tos_knl_is_running  tos_sys.o
    0x08002854   0x08002854   0x00000048   Code   RO         4664    i.tos_knl_sched_lock  tos_sys.o
    0x0800289c   0x0800289c   0x0000004c   Code   RO         4665    i.tos_knl_sched_unlock  tos_sys.o
    0x080028e8   0x080028e8   0x00000034   Code   RO         4666    i.tos_knl_start     tos_sys.o
    0x0800291c   0x0800291c   0x0000000e   Code   RO         4909    i.tos_list_empty    tos_tick.o
    0x0800292a   0x0800292a   0x00000002   PAD
    0x0800292c   0x0800292c   0x00000084   Code   RO         3752    i.tos_mmheap_pool_add  tos_mmheap.o
    0x080029b0   0x080029b0   0x000000fa   Code   RO         4758    i.tos_task_create   tos_task.o
    0x08002aaa   0x08002aaa   0x00000002   PAD
    0x08002aac   0x08002aac   0x0000004c   Code   RO         4762    i.tos_task_destroy  tos_task.o
    0x08002af8   0x08002af8   0x000000c4   Code   RO         4764    i.tos_task_prio_change  tos_task.o
    0x08002bbc   0x08002bbc   0x0000002c   Code   RO         4910    i.tos_tick_handler  tos_tick.o
    0x08002be8   0x08002be8   0x00000020   Data   RO           19    .constdata          main.o
    0x08002c08   0x08002c08   0x00000040   Data   RO         2898    .constdata          system_stm32l4xx.o
    0x08002c48   0x08002c48   0x00000008   Data   RO         2899    .constdata          system_stm32l4xx.o
    0x08002c50   0x08002c50   0x00000004   Data   RO         3611    .constdata          tos_global.o
    0x08002c54   0x08002c54   0x00000004   Data   RO         3612    .constdata          tos_global.o
    0x08002c58   0x08002c58   0x00000012   Data   RO           20    .conststring        main.o
    0x08002c6a   0x08002c6a   0x00000002   PAD
    0x08002c6c   0x08002c6c   0x00000020   Data   RO         5759    Region$$Table       anon$$obj.o


    Execution Region RW_IRAM1 (Exec base: 0x20000000, Load base: 0x08002c8c, Size: 0x0000a7a0, Max: 0x00010000, ABSOLUTE)

    Exec Addr    Load Addr    Size         Type   Attr      Idx    E Section Name        Object

    0x20000000   0x08002c8c   0x0000000c   Data   RW         1013    .data               stm32l4xx_hal.o
    0x2000000c   0x08002c98   0x00000004   Data   RW         2900    .data               system_stm32l4xx.o
    0x20000010   0x08002c9c   0x00000001   Data   RW         3613    .data               tos_global.o
    0x20000011   0x08002c9d   0x00000001   Data   RW         3614    .data               tos_global.o
    0x20000012   0x08002c9e   0x00000001   Data   RW         3615    .data               tos_global.o
    0x20000013   0x08002c9f   0x00000005   PAD
    0x20000018   0x08002ca4   0x00000008   Data   RW         3616    .data               tos_global.o
    0x20000020   0x08002cac   0x00000004   Data   RW         3617    .data               tos_global.o
    0x20000024   0x08002cb0   0x00000004   Data   RW         3618    .data               tos_global.o
    0x20000028   0x08002cb4   0x00000008   Data   RW         3619    .data               tos_global.o
    0x20000030   0x08002cbc   0x00000004   Data   RW         3620    .data               tos_global.o
    0x20000034   0x08002cc0   0x00000008   Data   RW         3621    .data               tos_global.o
    0x2000003c   0x08002cc8   0x00000008   Data   RW         3622    .data               tos_global.o
    0x20000044   0x08002cd0   0x00000004   Data   RW         3623    .data               tos_global.o
    0x20000048   0x08002cd4   0x00000010   Data   RW         3624    .data               tos_global.o
    0x20000058   0x08002ce4   0x00000004   Data   RW         5735    .data               mc_w.l(stdout.o)
    0x2000005c   0x08002ce8   0x00000004   PAD
    0x20000060        -       0x00000078   Zero   RW           17    .bss                main.o
    0x200000d8        -       0x00001000   Zero   RW           18    .bss                main.o
    0x200010d8        -       0x00000080   Zero   RW          373    .bss                usart.o
    0x20001158        -       0x000002f0   Zero   RW         2937    .bss                tick_demo_4.o
    0x20001448        -       0x00000058   Zero   RW         3606    .bss                tos_global.o
    0x200014a0        -       0x00000078   Zero   RW         3607    .bss                tos_global.o
    0x20001518        -       0x00000200   Zero   RW         3608    .bss                tos_global.o
    0x20001718        -       0x00008000   Zero   RW         3609    .bss                tos_global.o
    0x20009718        -       0x00000c84   Zero   RW         3610    .bss                tos_global.o
    0x2000a39c   0x08002ce8   0x00000004   PAD
    0x2000a3a0        -       0x00000400   Zero   RW            1    STACK               startup_stm32l431xx.o


==============================================================================

Image component sizes


      Code (inc. data)   RO Data    RW Data    ZI Data      Debug   Object Name

        66          0          0          0          0      11081   cmsis_os.o
       116         14          0          0          0        915   gpio.o
       214         60         50          0       4216     656934   main.o
        76          0          0          0          0      32037   port_c.o
       236         10          0          0          0        392   port_s.o
        36          8        396          0       1024        848   startup_stm32l431xx.o
       162         24          0         12          0       4357   stm32l4xx_hal.o
       198         14          0          0          0      34015   stm32l4xx_hal_cortex.o
       424         34          0          0          0       2972   stm32l4xx_hal_gpio.o
        44          6          0          0          0        846   stm32l4xx_hal_msp.o
       120         20          0          0          0       1386   stm32l4xx_hal_pwr_ex.o
      1964         96          0          0          0       7004   stm32l4xx_hal_rcc.o
       998         32          0          0          0       3124   stm32l4xx_hal_rcc_ex.o
      1082         62          0          0          0       5337   stm32l4xx_hal_uart.o
        66          0          0          0          0       4316   stm32l4xx_it.o
        68         12         72          4          0       1241   system_stm32l4xx.o
       296        170          0          0        752       2262   tick_demo_4.o
         0          0          0          0          0       1764   tos_completion.o
       232         14          0          0          0       5903   tos_cpu.o
         0          0          8         67      36692       1517   tos_global.o
       434         24          0          0          0       8921   tos_mmheap.o
        82          0          0          0          0       8448   tos_mutex.o
       212          0          0          0          0      10997   tos_pend.o
       112         10          0          0          0       1090   tos_robin.o
       420         50          0          0          0      13905   tos_sched.o
       602        142          0          0          0       8765   tos_sys.o
       702         20          0          0          0       9889   tos_task.o
       298         18          0          0          0       9448   tos_tick.o
       312         22          0          0          0       7244   tos_timer.o
       184         24          0          0        128       3566   usart.o

    ----------------------------------------------------------------------
      9784        886        560         88      42816     860524   Object Totals
         0          0         32          0          0          0   (incl. Generated)
        28          0          2          5          4          0   (incl. Padding)

    ----------------------------------------------------------------------

      Code (inc. data)   RO Data    RW Data    ZI Data      Debug   Library Member Name

         0          0          0          0          0          0   entry.o
         0          0          0          0          0          0   entry10a.o
         0          0          0          0          0          0   entry11a.o
         8          4          0          0          0          0   entry2.o
         4          0          0          0          0          0   entry5.o
         0          0          0          0          0          0   entry7b.o
         0          0          0          0          0          0   entry8b.o
         8          4          0          0          0          0   entry9a.o
        30          0          0          0          0          0   handlers.o
        36          8          0          0          0         68   init.o
        30          0          0          0          0         68   llshl.o
        32          0          0          0          0         68   llushr.o
        36          0          0          0          0        108   memseta.o
       742         56          0          0          0        184   printf5.o
         0          0          0          4          0          0   stdout.o
        24          0          0          0          0         76   strncpy.o
       104          0          0          0          0         92   uldiv.o

    ----------------------------------------------------------------------
      1060         72          0          4          4        664   Library Totals
         6          0          0          0          4          0   (incl. Padding)

    ----------------------------------------------------------------------

      Code (inc. data)   RO Data    RW Data    ZI Data      Debug   Library Name

      1054         72          0          4          0        664   mc_w.l

    ----------------------------------------------------------------------
      1060         72          0          4          4        664   Library Totals

    ----------------------------------------------------------------------

==============================================================================


      Code (inc. data)   RO Data    RW Data    ZI Data      Debug   

     10844        958        560         92      42820     850032   Grand Totals
     10844        958        560         92      42820     850032   ELF Image Totals
     10844        958        560         92          0          0   ROM Totals

==============================================================================

    Total RO  Size (Code + RO Data)                11404 (  11.14kB)
    Total RW  Size (RW Data + ZI Data)             42912 (  41.91kB)
    Total ROM Size (Code + RO Data + RW Data)      11496 (  11.23kB)

==============================================================================

